Archive member included to satisfy reference by file (symbol)

/Applications/MCUXpressoIDE_11.10.0_3148/ide/plugins/com.nxp.mcuxpresso.tools.macosx_11.10.0.202311280810/tools/bin/../lib/gcc/arm-none-eabi/13.2.1/../../../../arm-none-eabi/lib/thumb/v8-m.main+fp/hard/libcr_nohost_nf.a(_cr__main.o)
                              ./startup/startup_mcxn947_cm33_core0.o (__main)
/Applications/MCUXpressoIDE_11.10.0_3148/ide/plugins/com.nxp.mcuxpresso.tools.macosx_11.10.0.202311280810/tools/bin/../lib/gcc/arm-none-eabi/13.2.1/../../../../arm-none-eabi/lib/thumb/v8-m.main+fp/hard/libcr_c.a(memset.o)
                              ./drivers/fsl_lpuart.o (memset)
/Applications/MCUXpressoIDE_11.10.0_3148/ide/plugins/com.nxp.mcuxpresso.tools.macosx_11.10.0.202311280810/tools/bin/../lib/gcc/arm-none-eabi/13.2.1/../../../../arm-none-eabi/lib/thumb/v8-m.main+fp/hard/libcr_c.a(alloc.o)
                              ./drivers/fsl_common.o (malloc)
/Applications/MCUXpressoIDE_11.10.0_3148/ide/plugins/com.nxp.mcuxpresso.tools.macosx_11.10.0.202311280810/tools/bin/../lib/gcc/arm-none-eabi/13.2.1/../../../../arm-none-eabi/lib/thumb/v8-m.main+fp/hard/libcr_c.a(errno.o)
                              ./utilities/fsl_str.o (errno)
/Applications/MCUXpressoIDE_11.10.0_3148/ide/plugins/com.nxp.mcuxpresso.tools.macosx_11.10.0.202311280810/tools/bin/../lib/gcc/arm-none-eabi/13.2.1/../../../../arm-none-eabi/lib/thumb/v8-m.main+fp/hard/libcr_c.a(initio.o)
                              /Applications/MCUXpressoIDE_11.10.0_3148/ide/plugins/com.nxp.mcuxpresso.tools.macosx_11.10.0.202311280810/tools/bin/../lib/gcc/arm-none-eabi/13.2.1/../../../../arm-none-eabi/lib/thumb/v8-m.main+fp/hard/libcr_nohost_nf.a(_cr__main.o) (_initio)
/Applications/MCUXpressoIDE_11.10.0_3148/ide/plugins/com.nxp.mcuxpresso.tools.macosx_11.10.0.202311280810/tools/bin/../lib/gcc/arm-none-eabi/13.2.1/../../../../arm-none-eabi/lib/thumb/v8-m.main+fp/hard/libcr_c.a(scanf.o)
                              ./utilities/fsl_str.o (strtoul)
/Applications/MCUXpressoIDE_11.10.0_3148/ide/plugins/com.nxp.mcuxpresso.tools.macosx_11.10.0.202311280810/tools/bin/../lib/gcc/arm-none-eabi/13.2.1/../../../../arm-none-eabi/lib/thumb/v8-m.main+fp/hard/libcr_c.a(setvbuf.o)
                              /Applications/MCUXpressoIDE_11.10.0_3148/ide/plugins/com.nxp.mcuxpresso.tools.macosx_11.10.0.202311280810/tools/bin/../lib/gcc/arm-none-eabi/13.2.1/../../../../arm-none-eabi/lib/thumb/v8-m.main+fp/hard/libcr_c.a(initio.o) (setvbuf)
/Applications/MCUXpressoIDE_11.10.0_3148/ide/plugins/com.nxp.mcuxpresso.tools.macosx_11.10.0.202311280810/tools/bin/../lib/gcc/arm-none-eabi/13.2.1/../../../../arm-none-eabi/lib/thumb/v8-m.main+fp/hard/libcr_c.a(strlen.o)
                              ./utilities/fsl_debug_console.o (strlen)
/Applications/MCUXpressoIDE_11.10.0_3148/ide/plugins/com.nxp.mcuxpresso.tools.macosx_11.10.0.202311280810/tools/bin/../lib/gcc/arm-none-eabi/13.2.1/../../../../arm-none-eabi/lib/thumb/v8-m.main+fp/hard/libcr_c.a(ungetc.o)
                              /Applications/MCUXpressoIDE_11.10.0_3148/ide/plugins/com.nxp.mcuxpresso.tools.macosx_11.10.0.202311280810/tools/bin/../lib/gcc/arm-none-eabi/13.2.1/../../../../arm-none-eabi/lib/thumb/v8-m.main+fp/hard/libcr_c.a(scanf.o) (ungetc)
/Applications/MCUXpressoIDE_11.10.0_3148/ide/plugins/com.nxp.mcuxpresso.tools.macosx_11.10.0.202311280810/tools/bin/../lib/gcc/arm-none-eabi/13.2.1/../../../../arm-none-eabi/lib/thumb/v8-m.main+fp/hard/libcr_c.a(__fillbuf.o)
                              /Applications/MCUXpressoIDE_11.10.0_3148/ide/plugins/com.nxp.mcuxpresso.tools.macosx_11.10.0.202311280810/tools/bin/../lib/gcc/arm-none-eabi/13.2.1/../../../../arm-none-eabi/lib/thumb/v8-m.main+fp/hard/libcr_c.a(scanf.o) (__filbuf)
/Applications/MCUXpressoIDE_11.10.0_3148/ide/plugins/com.nxp.mcuxpresso.tools.macosx_11.10.0.202311280810/tools/bin/../lib/gcc/arm-none-eabi/13.2.1/../../../../arm-none-eabi/lib/thumb/v8-m.main+fp/hard/libcr_c.a(__init_alloc.o)
                              /Applications/MCUXpressoIDE_11.10.0_3148/ide/plugins/com.nxp.mcuxpresso.tools.macosx_11.10.0.202311280810/tools/bin/../lib/gcc/arm-none-eabi/13.2.1/../../../../arm-none-eabi/lib/thumb/v8-m.main+fp/hard/libcr_c.a(alloc.o) (__heaps)
/Applications/MCUXpressoIDE_11.10.0_3148/ide/plugins/com.nxp.mcuxpresso.tools.macosx_11.10.0.202311280810/tools/bin/../lib/gcc/arm-none-eabi/13.2.1/../../../../arm-none-eabi/lib/thumb/v8-m.main+fp/hard/libcr_c.a(_cr_sbrk.o)
                              /Applications/MCUXpressoIDE_11.10.0_3148/ide/plugins/com.nxp.mcuxpresso.tools.macosx_11.10.0.202311280810/tools/bin/../lib/gcc/arm-none-eabi/13.2.1/../../../../arm-none-eabi/lib/thumb/v8-m.main+fp/hard/libcr_c.a(alloc.o) (_sbrk)
/Applications/MCUXpressoIDE_11.10.0_3148/ide/plugins/com.nxp.mcuxpresso.tools.macosx_11.10.0.202311280810/tools/bin/../lib/gcc/arm-none-eabi/13.2.1/../../../../arm-none-eabi/lib/thumb/v8-m.main+fp/hard/libcr_c.a(_deferredlazyseek.o)
[...]
Memory Configuration

Name             Origin             Length             Attributes
PROGRAM_FLASH0   0x00000000         0x00100000         xr
PROGRAM_FLASH1   0x00100000         0x00100000         xr
SRAM             0x20000000         0x00060000         xrw
SRAMX            0x04000000         0x00018000         xrw
SRAMH            0x20060000         0x00008000         xrw
USB_RAM          0x400ba000         0x00001000         xrw
*default*        0x00000000         0xffffffff

Linker script and memory map

LOAD ./utilities/fsl_assert.o
LOAD ./utilities/fsl_debug_console.o
LOAD ./utilities/fsl_memcpy.o
LOAD ./utilities/fsl_str.o
LOAD ./startup/boot_multicore_slave.o
LOAD ./startup/startup_mcxn947_cm33_core0.o
LOAD ./source/gpio_led_output.o
LOAD ./source/semihost_hardfault.o
LOAD ./drivers/fsl_clock.o
LOAD ./drivers/fsl_common.o
LOAD ./drivers/fsl_common_arm.o
LOAD ./drivers/fsl_gpio.o
LOAD ./drivers/fsl_inputmux.o
LOAD ./drivers/fsl_lpflexcomm.o
LOAD ./drivers/fsl_lpuart.o
LOAD ./drivers/fsl_reset.o
LOAD ./drivers/fsl_spc.o
LOAD ./device/system_MCXN947_cm33_core0.o
LOAD ./component/uart/fsl_adapter_lpuart.o
LOAD ./component/lists/fsl_component_generic_list.o
LOAD ./board/board.o
LOAD ./board/clock_config.o
LOAD ./board/pin_mux.o
START GROUP
LOAD /Applications/MCUXpressoIDE_11.10.0_3148/ide/plugins/com.nxp.mcuxpresso.tools.macosx_11.10.0.202311280810/tools/bin/../lib/gcc/arm-none-eabi/13.2.1/../../../../arm-none-eabi/lib/thumb/v8-m.main+fp/hard/libcr_nohost_nf.a
LOAD /Applications/MCUXpressoIDE_11.10.0_3148/ide/plugins/com.nxp.mcuxpresso.tools.macosx_11.10.0.202311280810/tools/bin/../lib/gcc/arm-none-eabi/13.2.1/../../../../arm-none-eabi/lib/thumb/v8-m.main+fp/hard/libcr_c.a
LOAD /Applications/MCUXpressoIDE_11.10.0_3148/ide/plugins/com.nxp.mcuxpresso.tools.macosx_11.10.0.202311280810/tools/bin/../lib/gcc/arm-none-eabi/13.2.1/thumb/v8-m.main+fp/hard/libcr_eabihelpers.a
LOAD /Applications/MCUXpressoIDE_11.10.0_3148/ide/plugins/com.nxp.mcuxpresso.tools.macosx_11.10.0.202311280810/tools/bin/../lib/gcc/arm-none-eabi/13.2.1/thumb/v8-m.main+fp/hard/libgcc.a
END GROUP
                0x00000000                        __base_PROGRAM_FLASH0 = 0x0
                0x00000000                        __base_Flash = 0x0
                0x00100000                        __top_PROGRAM_FLASH0 = 0x100000
                0x00100000                        __top_Flash = 0x100000
                0x00100000                        __base_PROGRAM_FLASH1 = 0x100000
                0x00100000                        __base_Flash2 = 0x100000
                0x00200000                        __top_PROGRAM_FLASH1 = 0x200000
                0x00200000                        __top_Flash2 = 0x200000
                0x20000000                        __base_SRAM = 0x20000000
                0x20000000                        __base_RAM = 0x20000000
                0x20060000                        __top_SRAM = 0x20060000
                0x20060000                        __top_RAM = 0x20060000
                0x04000000                        __base_SRAMX = 0x4000000
                0x04000000                        __base_RAM2 = 0x4000000
                0x04018000                        __top_SRAMX = 0x4018000
                0x04018000                        __top_RAM2 = 0x4018000
                0x20060000                        __base_SRAMH = 0x20060000
                0x20060000                        __base_RAM3 = 0x20060000
                0x20068000                        __top_SRAMH = 0x20068000
                0x20068000                        __top_RAM3 = 0x20068000
                0x400ba000                        __base_USB_RAM = 0x400ba000
                0x400ba000                        __base_RAM4 = 0x400ba000
                0x400bb000                        __top_USB_RAM = 0x400bb000
                0x400bb000                        __top_RAM4 = 0x400bb000

.text_Flash2    0x00100000        0x0
 FILL mask 0xff
 *(SORT_BY_ALIGNMENT(.text_Flash2))
 *(SORT_BY_ALIGNMENT(.text_PROGRAM_FLASH1))
 *(SORT_BY_ALIGNMENT(.text.$Flash2))
 *(SORT_BY_ALIGNMENT(.text.$PROGRAM_FLASH1))
 *(SORT_BY_ALIGNMENT(.text_Flash2.*))
 *(SORT_BY_ALIGNMENT(.text_PROGRAM_FLASH1.*))
 *(SORT_BY_ALIGNMENT(.text.$Flash2.*))
 *(SORT_BY_ALIGNMENT(.text.$PROGRAM_FLASH1.*))
 *(SORT_BY_ALIGNMENT(.rodata.$Flash2))
 *(SORT_BY_ALIGNMENT(.rodata.$PROGRAM_FLASH1))
 *(SORT_BY_ALIGNMENT(.rodata.$Flash2.*))
 *(SORT_BY_ALIGNMENT(.rodata.$PROGRAM_FLASH1.*))

.text           0x00000000     0x37e8
 FILL mask 0xff
                0x00000000                        __vectors_start__ = ABSOLUTE (.)
 *(SORT_BY_ALIGNMENT(.isr_vector))
 .isr_vector    0x00000000      0x2b0 ./startup/startup_mcxn947_cm33_core0.o
                0x00000000                __Vectors
                0x00000000                g_pfnVectors
                0x000002b0                        . = ALIGN (0x4)
                0x000002b0                        __section_table_start = .
                0x000002b0                        __data_section_table = .
                0x000002b0        0x4 LONG 0x37e8 LOADADDR (.data)
                0x000002b4        0x4 LONG 0x20000000 ADDR (.data)
                0x000002b8        0x4 LONG 0xc SIZEOF (.data)
                0x000002bc        0x4 LONG 0x37e8 LOADADDR (.data_RAM2)
                0x000002c0        0x4 LONG 0x4000000 ADDR (.data_RAM2)
                0x000002c4        0x4 LONG 0x0 SIZEOF (.data_RAM2)
                0x000002c8        0x4 LONG 0x37e8 LOADADDR (.data_RAM3)
                0x000002cc        0x4 LONG 0x20060000 ADDR (.data_RAM3)
                0x000002d0        0x4 LONG 0x0 SIZEOF (.data_RAM3)
                0x000002d4        0x4 LONG 0x37e8 LOADADDR (.data_RAM4)
                0x000002d8        0x4 LONG 0x400ba000 ADDR (.data_RAM4)
                0x000002dc        0x4 LONG 0x0 SIZEOF (.data_RAM4)
                0x000002e0                        __data_section_table_end = .
                0x000002e0                        __bss_section_table = .
                0x000002e0        0x4 LONG 0x2000000c ADDR (.bss)
                0x000002e4        0x4 LONG 0x20c SIZEOF (.bss)
                0x000002e8        0x4 LONG 0x4000000 ADDR (.bss_RAM2)
                0x000002ec        0x4 LONG 0x0 SIZEOF (.bss_RAM2)
                0x000002f0        0x4 LONG 0x20060000 ADDR (.bss_RAM3)
                0x000002f4        0x4 LONG 0x0 SIZEOF (.bss_RAM3)
                0x000002f8        0x4 LONG 0x400ba000 ADDR (.bss_RAM4)
                0x000002fc        0x4 LONG 0x0 SIZEOF (.bss_RAM4)
                0x00000300                        __bss_section_table_end = .
                0x00000300                        __section_table_end = .
 *(SORT_BY_ALIGNMENT(.after_vectors*))
 .after_vectors.reset
                0x00000300       0x68 ./startup/startup_mcxn947_cm33_core0.o
                0x00000300                ResetISR
 .after_vectors.init_data
                0x00000368       0x1e ./startup/startup_mcxn947_cm33_core0.o
                0x00000368                data_init
 .after_vectors.init_bss
                0x00000386       0x12 ./startup/startup_mcxn947_cm33_core0.o
                0x00000386                bss_init
 .after_vectors
                0x00000398       0x16 ./startup/startup_mcxn947_cm33_core0.o
                0x00000398                NMI_Handler
                0x0000039c                MemManage_Handler
                0x0000039e                BusFault_Handler
                0x000003a0                UsageFault_Handler
                0x000003a2                SecureFault_Handler
                0x000003a4                SVC_Handler
                0x000003a6                DebugMon_Handler
                0x000003a8                PendSV_Handler
                0x000003aa                SysTick_Handler
                0x000003ac                QDC1_HOME_DriverIRQHandler
                0x000003ac                EDMA_0_CH5_DriverIRQHandler
                0x000003ac                EDMA_0_CH14_DriverIRQHandler
                0x000003ac                EDMA_1_CH0_DriverIRQHandler
                0x000003ac                SCG_DriverIRQHandler
                0x000003ac                CMC0_DriverIRQHandler
                0x000003ac                EDMA_0_CH15_DriverIRQHandler
                0x000003ac                LPTMR0_DriverIRQHandler
                0x000003ac                EDMA_0_CH2_DriverIRQHandler
                0x000003ac                FLEXPWM1_SUBMODULE1_DriverIRQHandler
                0x000003ac                FLEXPWM0_SUBMODULE1_DriverIRQHandler
                0x000003ac                EDMA_1_CH11_DriverIRQHandler
                0x000003ac                FLEXPWM0_RELOAD_ERROR_DriverIRQHandler
                0x000003ac                QDC0_HOME_DriverIRQHandler
                0x000003ac                Reserved167_DriverIRQHandler
                0x000003ac                EDMA_1_CH9_DriverIRQHandler
                0x000003ac                SEC_VIO_DriverIRQHandler
                0x000003ac                ERM_MULTI_BIT_ERROR_DriverIRQHandler
                0x000003ac                GPIO31_DriverIRQHandler
                0x000003ac                EWM0_DriverIRQHandler
                0x000003ac                PKC_DriverIRQHandler
                0x000003ac                EDMA_0_CH10_DriverIRQHandler
                0x000003ac                USB1_HS_PHY_DriverIRQHandler
                0x000003ac                QDC0_IDX_DriverIRQHandler
                0x000003ac                ELS_DriverIRQHandler
                0x000003ac                Reserved166_DriverIRQHandler
                0x000003ac                EDMA_1_CH2_DriverIRQHandler
                0x000003ac                ETHERNET_DriverIRQHandler
                0x000003ac                QDC1_IDX_DriverIRQHandler
                0x000003ac                EDMA_1_CH14_DriverIRQHandler
                0x000003ac                FLEXPWM1_SUBMODULE3_DriverIRQHandler
                0x000003ac                EDMA_1_CH7_DriverIRQHandler
                0x000003ac                EDMA_1_CH6_DriverIRQHandler
                0x000003ac                DAC1_DriverIRQHandler
                0x000003ac                CTIMER2_DriverIRQHandler
                0x000003ac                ITRC0_DriverIRQHandler
                0x000003ac                EDMA_0_CH9_DriverIRQHandler
                0x000003ac                ETB0_DriverIRQHandler
                0x000003ac                Freqme_DriverIRQHandler
                0x000003ac                Reserved80_DriverIRQHandler
                0x000003ac                IntDefaultHandler
                0x000003ac                ELS_ERR_DriverIRQHandler
                0x000003ac                FLEXIO_DriverIRQHandler
                0x000003ac                DAC0_DriverIRQHandler
                0x000003ac                MRT0_DriverIRQHandler
                0x000003ac                UTICK0_DriverIRQHandler
                0x000003ac                FLEXPWM0_SUBMODULE2_DriverIRQHandler
                0x000003ac                GPIO01_DriverIRQHandler
                0x000003ac                EDMA_0_CH3_DriverIRQHandler
                0x000003ac                WWDT0_DriverIRQHandler
                0x000003ac                USDHC0_DriverIRQHandler
                0x000003ac                GPIO00_DriverIRQHandler
                0x000003ac                EDMA_0_CH4_DriverIRQHandler
                0x000003ac                GPIO11_DriverIRQHandler
                0x000003ac                CTIMER4_DriverIRQHandler
                0x000003ac                BSP32_DriverIRQHandler
                0x000003ac                FLEXPWM0_FAULT_DriverIRQHandler
                0x000003ac                EDMA_1_CH1_DriverIRQHandler
                0x000003ac                SAI1_DriverIRQHandler
                0x000003ac                ERM_SINGLE_BIT_ERROR_DriverIRQHandler
                0x000003ac                GPIO21_DriverIRQHandler
                0x000003ac                FLEXPWM1_FAULT_DriverIRQHandler
                0x000003ac                GPIO30_DriverIRQHandler
                0x000003ac                CTIMER0_DriverIRQHandler
                0x000003ac                CTIMER1_DriverIRQHandler
                0x000003ac                QDC0_COMPARE_DriverIRQHandler
                0x000003ac                ADC1_DriverIRQHandler
                0x000003ac                PQ_DriverIRQHandler
                0x000003ac                ETHERNET_MACLP_DriverIRQHandler
                0x000003ac                USB0_DCD_DriverIRQHandler
                0x000003ac                EDMA_0_CH11_DriverIRQHandler
                0x000003ac                MAILBOX_DriverIRQHandler
                0x000003ac                WUU_DriverIRQHandler
                0x000003ac                EDMA_0_CH6_DriverIRQHandler
                0x000003ac                CTIMER3_DriverIRQHandler
                0x000003ac                FLEXPWM1_SUBMODULE0_DriverIRQHandler
                0x000003ac                CDOG1_DriverIRQHandler
                0x000003ac                TSI_OUT_OF_SCAN_DriverIRQHandler
                0x000003ac                EDMA_1_CH4_DriverIRQHandler
                0x000003ac                PUF_DriverIRQHandler
                0x000003ac                SPC_DriverIRQHandler
                0x000003ac                RTC_DriverIRQHandler
                0x000003ac                VBAT0_DriverIRQHandler
                0x000003ac                Reserved65_DriverIRQHandler
                0x000003ac                HSCMP2_DriverIRQHandler
                0x000003ac                EDMA_0_CH0_DriverIRQHandler
                0x000003ac                PDM_EVENT_DriverIRQHandler
                0x000003ac                ETHERNET_PMT_DriverIRQHandler
                0x000003ac                FLEXPWM1_RELOAD_ERROR_DriverIRQHandler
                0x000003ac                FMU0_DriverIRQHandler
                0x000003ac                QDC1_COMPARE_DriverIRQHandler
                0x000003ac                EDMA_0_CH8_DriverIRQHandler
                0x000003ac                LPTMR1_DriverIRQHandler
                0x000003ac                GPIO40_DriverIRQHandler
                0x000003ac                CTI0_DriverIRQHandler
                0x000003ac                EDMA_1_CH3_DriverIRQHandler
                0x000003ac                EDMA_1_CH15_DriverIRQHandler
                0x000003ac                FLEXPWM1_SUBMODULE2_DriverIRQHandler
                0x000003ac                GPIO20_DriverIRQHandler
                0x000003ac                QDC1_WDG_SAB_DriverIRQHandler
                0x000003ac                EDMA_1_CH8_DriverIRQHandler
                0x000003ac                GDET_DriverIRQHandler
                0x000003ac                PORT_EFT_DriverIRQHandler
                0x000003ac                Reserved85_DriverIRQHandler
                0x000003ac                Reserved81_DriverIRQHandler
                0x000003ac                TSI_END_OF_SCAN_DriverIRQHandler
                0x000003ac                FLEXPWM0_SUBMODULE3_DriverIRQHandler
                0x000003ac                ADC0_DriverIRQHandler
                0x000003ac                OR_DriverIRQHandler
                0x000003ac                EDMA_0_CH13_DriverIRQHandler
                0x000003ac                USB1_HS_DriverIRQHandler
                0x000003ac                EDMA_0_CH1_DriverIRQHandler
                0x000003ac                DAC2_DriverIRQHandler
                0x000003ac                GPIO51_DriverIRQHandler
                0x000003ac                HSCMP0_DriverIRQHandler
                0x000003ac                EDMA_0_CH12_DriverIRQHandler
                0x000003ac                QDC0_WDG_SAB_DriverIRQHandler
                0x000003ac                CDOG0_DriverIRQHandler
                0x000003ac                CAN0_DriverIRQHandler
                0x000003ac                SMARTDMA_DriverIRQHandler
                0x000003ac                SAI0_DriverIRQHandler
                0x000003ac                EMVSIM1_DriverIRQHandler
                0x000003ac                I3C1_DriverIRQHandler
                0x000003ac                EDMA_0_CH7_DriverIRQHandler
                0x000003ac                EDMA_1_CH10_DriverIRQHandler
                0x000003ac                EDMA_1_CH12_DriverIRQHandler
                0x000003ac                FLEXSPI0_DriverIRQHandler
                0x000003ac                GPIO50_DriverIRQHandler
                0x000003ac                GPIO10_DriverIRQHandler
                0x000003ac                SCT0_DriverIRQHandler
                0x000003ac                CAN1_DriverIRQHandler
                0x000003ac                PLU_DriverIRQHandler
                0x000003ac                FLEXPWM0_SUBMODULE0_DriverIRQHandler
                0x000003ac                OS_EVENT_DriverIRQHandler
                0x000003ac                SINC_FILTER_DriverIRQHandler
                0x000003ac                NPU_DriverIRQHandler
                0x000003ac                GPIO41_DriverIRQHandler
                0x000003ac                HSCMP1_DriverIRQHandler
                0x000003ac                SEC_HYPERVISOR_CALL_DriverIRQHandler
                0x000003ac                EDMA_1_CH5_DriverIRQHandler
                0x000003ac                PINT0_DriverIRQHandler
                0x000003ac                WWDT1_DriverIRQHandler
                0x000003ac                EDMA_1_CH13_DriverIRQHandler
                0x000003ac                EMVSIM0_DriverIRQHandler
                0x000003ac                I3C0_DriverIRQHandler
                0x000003ac                USB0_FS_DriverIRQHandler
                0x000003ac                PKC_ERR_DriverIRQHandler
 *(SORT_BY_ALIGNMENT(.text*))
 *fill*         0x000003ae        0x2 ff
 .text.__assertion_failed
                0x000003b0       0x2c ./utilities/fsl_assert.o
                0x000003b0                __assertion_failed
 .text.DbgConsole_Init
                0x000003dc       0x88 ./utilities/fsl_debug_console.o
                0x000003dc                DbgConsole_Init
 .text.DbgConsole_Vprintf
                0x00000464       0x3c ./utilities/fsl_debug_console.o
                0x00000464                DbgConsole_Vprintf
 .text.DbgConsole_Putchar
                0x000004a0       0x30 ./utilities/fsl_debug_console.o
                0x000004a0                DbgConsole_Putchar
 .text.DbgConsole_PrintfFormattedData
                0x000004d0      0x3e0 ./utilities/fsl_debug_console.o
 .text          0x000008b0       0xa0 ./utilities/fsl_memcpy.o
                0x000008b0                memcpy
 .text.delay    0x00000950       0x34 ./source/gpio_led_output.o
                0x00000950                delay
 .text.main     0x00000984       0x68 ./source/gpio_led_output.o
                0x00000984                main
 .text.CLOCK_IsPLL0Locked
                0x000009ec       0x28 ./drivers/fsl_clock.o
 .text.CLOCK_SetupFROHFClocking
                0x00000a14       0x9c ./drivers/fsl_clock.o
                0x00000a14                CLOCK_SetupFROHFClocking
 .text.CLOCK_SetPll0MonitorMode
                0x00000ab0       0x38 ./drivers/fsl_clock.o
                0x00000ab0                CLOCK_SetPll0MonitorMode
 .text.CLOCK_AttachClk
                0x00000ae8       0xb0 ./drivers/fsl_clock.o
                0x00000ae8                CLOCK_AttachClk
 .text.CLOCK_SetClkDiv
                0x00000b98       0x54 ./drivers/fsl_clock.o
                0x00000b98                CLOCK_SetClkDiv
 .text.CLOCK_GetPLL0InClockRate
                0x00000bec       0x58 ./drivers/fsl_clock.o
                0x00000bec                CLOCK_GetPLL0InClockRate
 .text.CLOCK_SetPLL0Freq
                0x00000c44      0x10c ./drivers/fsl_clock.o
                0x00000c44                CLOCK_SetPLL0Freq
 .text.CLOCK_GetClk48MFreq
                0x00000d50       0x2c ./drivers/fsl_clock.o
 .text.CLOCK_GetExtClkFreq
                0x00000d7c       0x2c ./drivers/fsl_clock.o
 .text.CLOCK_GetOsc32KFreq
                0x00000da8       0x4c ./drivers/fsl_clock.o
 .text.findPll0PreDiv
                0x00000df4       0x40 ./drivers/fsl_clock.o
 .text.findPll0PostDiv
                0x00000e34       0x60 ./drivers/fsl_clock.o
 .text.findPll0MMult
                0x00000e94       0xac ./drivers/fsl_clock.o
 .text.GPIO_PinInit
                0x00000f40       0x64 ./drivers/fsl_gpio.o
                0x00000f40                GPIO_PinInit
 .text.LP_FLEXCOMM_GetInterruptStatus
                0x00000fa4       0x28 ./drivers/fsl_lpflexcomm.o
                0x00000fa4                LP_FLEXCOMM_GetInterruptStatus
 .text.LP_FLEXCOMM_SetPeriph
                0x00000fcc       0x94 ./drivers/fsl_lpflexcomm.o
 .text.LP_FLEXCOMM_Init
                0x00001060       0x58 ./drivers/fsl_lpflexcomm.o
                0x00001060                LP_FLEXCOMM_Init
 .text.LP_FLEXCOMM_CommonIRQHandler
                0x000010b8       0xb8 ./drivers/fsl_lpflexcomm.o
 .text.LPUART_GetInstance
                0x00001170       0x4c ./drivers/fsl_lpuart.o
                0x00001170                LPUART_GetInstance
 .text.LPUART_Init
                0x000011bc      0x3b4 ./drivers/fsl_lpuart.o
                0x000011bc                LPUART_Init
 .text.LPUART_GetDefaultConfig
                0x00001570       0x8c ./drivers/fsl_lpuart.o
                0x00001570                LPUART_GetDefaultConfig
 .text.LPUART_GetStatusFlags
                0x000015fc       0x60 ./drivers/fsl_lpuart.o
                0x000015fc                LPUART_GetStatusFlags
 .text.LPUART_ClearStatusFlags
                0x0000165c       0x94 ./drivers/fsl_lpuart.o
                0x0000165c                LPUART_ClearStatusFlags
 .text.LPUART_WriteBlocking
                0x000016f0       0x68 ./drivers/fsl_lpuart.o
                0x000016f0                LPUART_WriteBlocking
 .text.LPUART_ReadBlocking
                0x00001758      0x160 ./drivers/fsl_lpuart.o
                0x00001758                LPUART_ReadBlocking
 .text.RESET_ClearPeripheralReset
                0x000018b8       0x64 ./drivers/fsl_reset.o
                0x000018b8                RESET_ClearPeripheralReset
 .text.SPC_SetSRAMOperateVoltage
                0x0000191c       0x64 ./drivers/fsl_spc.o
                0x0000191c                SPC_SetSRAMOperateVoltage
 .text.SPC_SetActiveModeCoreLDORegulatorConfig
                0x00001980       0x94 ./drivers/fsl_spc.o
                0x00001980                SPC_SetActiveModeCoreLDORegulatorConfig
 .text.SPC_SetActiveModeDCDCRegulatorConfig
                0x00001a14       0x68 ./drivers/fsl_spc.o
                0x00001a14                SPC_SetActiveModeDCDCRegulatorConfig
 .text.SystemInit
                0x00001a7c      0x114 ./device/system_MCXN947_cm33_core0.o
                0x00001a7c                SystemInit
 .text.HAL_UartInitCommon
                0x00001b90       0xe4 ./component/uart/fsl_adapter_lpuart.o
 .text.HAL_UartInit
                0x00001c74       0x84 ./component/uart/fsl_adapter_lpuart.o
                0x00001c74                HAL_UartInit
 .text.HAL_UartReceiveBlocking
                0x00001cf8       0x6c ./component/uart/fsl_adapter_lpuart.o
                0x00001cf8                HAL_UartReceiveBlocking
 .text.HAL_UartSendBlocking
                0x00001d64       0x64 ./component/uart/fsl_adapter_lpuart.o
                0x00001d64                HAL_UartSendBlocking
 .text.BOARD_InitDebugConsole
                0x00001dc8       0x38 ./board/board.o
                0x00001dc8                BOARD_InitDebugConsole
 .text.BOARD_BootClockPLL150M
                0x00001e00       0xd8 ./board/clock_config.o
                0x00001e00                BOARD_BootClockPLL150M
 .text.PORT_SetPinConfig
                0x00001ed8       0x38 ./board/pin_mux.o
 .text.BOARD_InitPins
                0x00001f10       0x84 ./board/pin_mux.o
                0x00001f10                BOARD_InitPins
 .text._initio  0x00001f94       0x78 /Applications/MCUXpressoIDE_11.10.0_3148/ide/plugins/com.nxp.mcuxpresso.tools.macosx_11.10.0.202311280810/tools/bin/../lib/gcc/arm-none-eabi/13.2.1/../../../../arm-none-eabi/lib/thumb/v8-m.main+fp/hard/libcr_c.a(initio.o)
                0x00001f94                _initio
 .text._Cwritebuf
                0x0000200c       0x6c /Applications/MCUXpressoIDE_11.10.0_3148/ide/plugins/com.nxp.mcuxpresso.tools.macosx_11.10.0.202311280810/tools/bin/../lib/gcc/arm-none-eabi/13.2.1/../../../../arm-none-eabi/lib/thumb/v8-m.main+fp/hard/libcr_c.a(_writebuf.o)
                0x0000200c                _Cwritebuf
 .text.fflush   0x00002078       0x3c /Applications/MCUXpressoIDE_11.10.0_3148/ide/plugins/com.nxp.mcuxpresso.tools.macosx_11.10.0.202311280810/tools/bin/../lib/gcc/arm-none-eabi/13.2.1/../../../../arm-none-eabi/lib/thumb/v8-m.main+fp/hard/libcr_c.a(fflush.o)
                0x00002078                fflush
 .text.fseek    0x000020b4       0xf8 /Applications/MCUXpressoIDE_11.10.0_3148/ide/plugins/com.nxp.mcuxpresso.tools.macosx_11.10.0.202311280810/tools/bin/../lib/gcc/arm-none-eabi/13.2.1/../../../../arm-none-eabi/lib/thumb/v8-m.main+fp/hard/libcr_c.a(fseek.o)
                0x000020b4                fseek
 .text.ftell    0x000021ac       0x44 /Applications/MCUXpressoIDE_11.10.0_3148/ide/plugins/com.nxp.mcuxpresso.tools.macosx_11.10.0.202311280810/tools/bin/../lib/gcc/arm-none-eabi/13.2.1/../../../../arm-none-eabi/lib/thumb/v8-m.main+fp/hard/libcr_c.a(ftell.o)
                0x000021ac                ftell
 .text.fsl_assert_hook
                0x000021f0       0x1a ./utilities/fsl_assert.o
                0x000021f0                fsl_assert_hook
 .text.DbgConsole_Printf
                0x0000220a       0x2c ./utilities/fsl_debug_console.o
                0x0000220a                DbgConsole_Printf
 .text.DbgConsole_PrintfPaddingCharacter
                0x00002236       0x40 ./utilities/fsl_debug_console.o
 .text.DbgConsole_ConvertRadixNumToString
                0x00002276       0xc2 ./utilities/fsl_debug_console.o
 .text.OR_IRQHandler
                0x00002338        0x8 ./startup/startup_mcxn947_cm33_core0.o
                0x00002338                OR_IRQHandler
 .text.EDMA_0_CH0_IRQHandler
                0x00002340        0x8 ./startup/startup_mcxn947_cm33_core0.o
                0x00002340                EDMA_0_CH0_IRQHandler
 .text.EDMA_0_CH1_IRQHandler
                0x00002348        0x8 ./startup/startup_mcxn947_cm33_core0.o
                0x00002348                EDMA_0_CH1_IRQHandler
 .text.EDMA_0_CH2_IRQHandler
                0x00002350        0x8 ./startup/startup_mcxn947_cm33_core0.o
                0x00002350                EDMA_0_CH2_IRQHandler
 .text.EDMA_0_CH3_IRQHandler
                0x00002358        0x8 ./startup/startup_mcxn947_cm33_core0.o
                0x00002358                EDMA_0_CH3_IRQHandler
 .text.EDMA_0_CH4_IRQHandler
                0x00002360        0x8 ./startup/startup_mcxn947_cm33_core0.o
                0x00002360                EDMA_0_CH4_IRQHandler
 .text.EDMA_0_CH5_IRQHandler
                0x00002368        0x8 ./startup/startup_mcxn947_cm33_core0.o
                0x00002368                EDMA_0_CH5_IRQHandler
 .text.EDMA_0_CH6_IRQHandler
                0x00002370        0x8 ./startup/startup_mcxn947_cm33_core0.o
                0x00002370                EDMA_0_CH6_IRQHandler
 .text.EDMA_0_CH7_IRQHandler
                0x00002378        0x8 ./startup/startup_mcxn947_cm33_core0.o
                0x00002378                EDMA_0_CH7_IRQHandler
 .text.EDMA_0_CH8_IRQHandler
                0x00002380        0x8 ./startup/startup_mcxn947_cm33_core0.o
                0x00002380                EDMA_0_CH8_IRQHandler
 .text.EDMA_0_CH9_IRQHandler
                0x00002388        0x8 ./startup/startup_mcxn947_cm33_core0.o
                0x00002388                EDMA_0_CH9_IRQHandler
 .text.EDMA_0_CH10_IRQHandler
                0x00002390        0x8 ./startup/startup_mcxn947_cm33_core0.o
                0x00002390                EDMA_0_CH10_IRQHandler
 .text.EDMA_0_CH11_IRQHandler
                0x00002398        0x8 ./startup/startup_mcxn947_cm33_core0.o
                0x00002398                EDMA_0_CH11_IRQHandler
 .text.EDMA_0_CH12_IRQHandler
                0x000023a0        0x8 ./startup/startup_mcxn947_cm33_core0.o
                0x000023a0                EDMA_0_CH12_IRQHandler
 .text.EDMA_0_CH13_IRQHandler
                0x000023a8        0x8 ./startup/startup_mcxn947_cm33_core0.o
                0x000023a8                EDMA_0_CH13_IRQHandler
 .text.EDMA_0_CH14_IRQHandler
                0x000023b0        0x8 ./startup/startup_mcxn947_cm33_core0.o
                0x000023b0                EDMA_0_CH14_IRQHandler
 .text.EDMA_0_CH15_IRQHandler
                0x000023b8        0x8 ./startup/startup_mcxn947_cm33_core0.o
                0x000023b8                EDMA_0_CH15_IRQHandler
 .text.GPIO00_IRQHandler
                0x000023c0        0x8 ./startup/startup_mcxn947_cm33_core0.o
                0x000023c0                GPIO00_IRQHandler
 .text.GPIO01_IRQHandler
                0x000023c8        0x8 ./startup/startup_mcxn947_cm33_core0.o
                0x000023c8                GPIO01_IRQHandler
 .text.GPIO10_IRQHandler
                0x000023d0        0x8 ./startup/startup_mcxn947_cm33_core0.o
                0x000023d0                GPIO10_IRQHandler
 .text.GPIO11_IRQHandler
                0x000023d8        0x8 ./startup/startup_mcxn947_cm33_core0.o
                0x000023d8                GPIO11_IRQHandler
 .text.GPIO20_IRQHandler
                0x000023e0        0x8 ./startup/startup_mcxn947_cm33_core0.o
                0x000023e0                GPIO20_IRQHandler
 .text.GPIO21_IRQHandler
                0x000023e8        0x8 ./startup/startup_mcxn947_cm33_core0.o
                0x000023e8                GPIO21_IRQHandler
 .text.GPIO30_IRQHandler
                0x000023f0        0x8 ./startup/startup_mcxn947_cm33_core0.o
                0x000023f0                GPIO30_IRQHandler
 .text.GPIO31_IRQHandler
                0x000023f8        0x8 ./startup/startup_mcxn947_cm33_core0.o
                0x000023f8                GPIO31_IRQHandler
 .text.GPIO40_IRQHandler
                0x00002400        0x8 ./startup/startup_mcxn947_cm33_core0.o
                0x00002400                GPIO40_IRQHandler
 .text.GPIO41_IRQHandler
                0x00002408        0x8 ./startup/startup_mcxn947_cm33_core0.o
                0x00002408                GPIO41_IRQHandler
 .text.GPIO50_IRQHandler
                0x00002410        0x8 ./startup/startup_mcxn947_cm33_core0.o
                0x00002410                GPIO50_IRQHandler
 .text.GPIO51_IRQHandler
                0x00002418        0x8 ./startup/startup_mcxn947_cm33_core0.o
                0x00002418                GPIO51_IRQHandler
 .text.UTICK0_IRQHandler
                0x00002420        0x8 ./startup/startup_mcxn947_cm33_core0.o
                0x00002420                UTICK0_IRQHandler
 .text.MRT0_IRQHandler
                0x00002428        0x8 ./startup/startup_mcxn947_cm33_core0.o
                0x00002428                MRT0_IRQHandler
 .text.CTIMER0_IRQHandler
                0x00002430        0x8 ./startup/startup_mcxn947_cm33_core0.o
                0x00002430                CTIMER0_IRQHandler
 .text.CTIMER1_IRQHandler
                0x00002438        0x8 ./startup/startup_mcxn947_cm33_core0.o
                0x00002438                CTIMER1_IRQHandler
 .text.SCT0_IRQHandler
                0x00002440        0x8 ./startup/startup_mcxn947_cm33_core0.o
                0x00002440                SCT0_IRQHandler
 .text.CTIMER2_IRQHandler
                0x00002448        0x8 ./startup/startup_mcxn947_cm33_core0.o
                0x00002448                CTIMER2_IRQHandler
 .text.LP_FLEXCOMM0_IRQHandler
                0x00002450        0x8 ./startup/startup_mcxn947_cm33_core0.o
                0x00002450                LP_FLEXCOMM0_IRQHandler
 .text.LP_FLEXCOMM1_IRQHandler
                0x00002458        0x8 ./startup/startup_mcxn947_cm33_core0.o
                0x00002458                LP_FLEXCOMM1_IRQHandler
 .text.LP_FLEXCOMM2_IRQHandler
                0x00002460        0x8 ./startup/startup_mcxn947_cm33_core0.o
                0x00002460                LP_FLEXCOMM2_IRQHandler
 .text.LP_FLEXCOMM3_IRQHandler
                0x00002468        0x8 ./startup/startup_mcxn947_cm33_core0.o
                0x00002468                LP_FLEXCOMM3_IRQHandler
 .text.LP_FLEXCOMM4_IRQHandler
                0x00002470        0x8 ./startup/startup_mcxn947_cm33_core0.o
                0x00002470                LP_FLEXCOMM4_IRQHandler
 .text.LP_FLEXCOMM5_IRQHandler
                0x00002478        0x8 ./startup/startup_mcxn947_cm33_core0.o
                0x00002478                LP_FLEXCOMM5_IRQHandler
 .text.LP_FLEXCOMM6_IRQHandler
                0x00002480        0x8 ./startup/startup_mcxn947_cm33_core0.o
                0x00002480                LP_FLEXCOMM6_IRQHandler
 .text.LP_FLEXCOMM7_IRQHandler
                0x00002488        0x8 ./startup/startup_mcxn947_cm33_core0.o
                0x00002488                LP_FLEXCOMM7_IRQHandler
 .text.LP_FLEXCOMM8_IRQHandler
                0x00002490        0x8 ./startup/startup_mcxn947_cm33_core0.o
                0x00002490                LP_FLEXCOMM8_IRQHandler
 .text.LP_FLEXCOMM9_IRQHandler
                0x00002498        0x8 ./startup/startup_mcxn947_cm33_core0.o
                0x00002498                LP_FLEXCOMM9_IRQHandler
 .text.ADC0_IRQHandler
                0x000024a0        0x8 ./startup/startup_mcxn947_cm33_core0.o
                0x000024a0                ADC0_IRQHandler
 .text.ADC1_IRQHandler
                0x000024a8        0x8 ./startup/startup_mcxn947_cm33_core0.o
                0x000024a8                ADC1_IRQHandler
 .text.PINT0_IRQHandler
                0x000024b0        0x8 ./startup/startup_mcxn947_cm33_core0.o
                0x000024b0                PINT0_IRQHandler
 .text.PDM_EVENT_IRQHandler
                0x000024b8        0x8 ./startup/startup_mcxn947_cm33_core0.o
                0x000024b8                PDM_EVENT_IRQHandler
 .text.Reserved65_IRQHandler
                0x000024c0        0x8 ./startup/startup_mcxn947_cm33_core0.o
                0x000024c0                Reserved65_IRQHandler
 .text.USB0_FS_IRQHandler
                0x000024c8        0x8 ./startup/startup_mcxn947_cm33_core0.o
                0x000024c8                USB0_FS_IRQHandler
 .text.USB0_DCD_IRQHandler
                0x000024d0        0x8 ./startup/startup_mcxn947_cm33_core0.o
                0x000024d0                USB0_DCD_IRQHandler
 .text.RTC_IRQHandler
                0x000024d8        0x8 ./startup/startup_mcxn947_cm33_core0.o
                0x000024d8                RTC_IRQHandler
 .text.SMARTDMA_IRQHandler
                0x000024e0        0x8 ./startup/startup_mcxn947_cm33_core0.o
                0x000024e0                SMARTDMA_IRQHandler
 .text.MAILBOX_IRQHandler
                0x000024e8        0x8 ./startup/startup_mcxn947_cm33_core0.o
                0x000024e8                MAILBOX_IRQHandler
 .text.CTIMER3_IRQHandler
                0x000024f0        0x8 ./startup/startup_mcxn947_cm33_core0.o
                0x000024f0                CTIMER3_IRQHandler
 .text.CTIMER4_IRQHandler
                0x000024f8        0x8 ./startup/startup_mcxn947_cm33_core0.o
                0x000024f8                CTIMER4_IRQHandler
 .text.OS_EVENT_IRQHandler
                0x00002500        0x8 ./startup/startup_mcxn947_cm33_core0.o
                0x00002500                OS_EVENT_IRQHandler
 .text.FLEXSPI0_IRQHandler
                0x00002508        0x8 ./startup/startup_mcxn947_cm33_core0.o
                0x00002508                FLEXSPI0_IRQHandler
 .text.SAI0_IRQHandler
                0x00002510        0x8 ./startup/startup_mcxn947_cm33_core0.o
                0x00002510                SAI0_IRQHandler
 .text.SAI1_IRQHandler
                0x00002518        0x8 ./startup/startup_mcxn947_cm33_core0.o
                0x00002518                SAI1_IRQHandler
 .text.USDHC0_IRQHandler
                0x00002520        0x8 ./startup/startup_mcxn947_cm33_core0.o
                0x00002520                USDHC0_IRQHandler
 .text.CAN0_IRQHandler
                0x00002528        0x8 ./startup/startup_mcxn947_cm33_core0.o
                0x00002528                CAN0_IRQHandler
 .text.CAN1_IRQHandler
                0x00002530        0x8 ./startup/startup_mcxn947_cm33_core0.o
                0x00002530                CAN1_IRQHandler
 .text.Reserved80_IRQHandler
                0x00002538        0x8 ./startup/startup_mcxn947_cm33_core0.o
                0x00002538                Reserved80_IRQHandler
 .text.Reserved81_IRQHandler
                0x00002540        0x8 ./startup/startup_mcxn947_cm33_core0.o
                0x00002540                Reserved81_IRQHandler
 .text.USB1_HS_PHY_IRQHandler
                0x00002548        0x8 ./startup/startup_mcxn947_cm33_core0.o
                0x00002548                USB1_HS_PHY_IRQHandler
 .text.USB1_HS_IRQHandler
                0x00002550        0x8 ./startup/startup_mcxn947_cm33_core0.o
                0x00002550                USB1_HS_IRQHandler
 .text.SEC_HYPERVISOR_CALL_IRQHandler
                0x00002558        0x8 ./startup/startup_mcxn947_cm33_core0.o
                0x00002558                SEC_HYPERVISOR_CALL_IRQHandler
 .text.Reserved85_IRQHandler
                0x00002560        0x8 ./startup/startup_mcxn947_cm33_core0.o
                0x00002560                Reserved85_IRQHandler
 .text.PLU_IRQHandler
                0x00002568        0x8 ./startup/startup_mcxn947_cm33_core0.o
                0x00002568                PLU_IRQHandler
 .text.Freqme_IRQHandler
                0x00002570        0x8 ./startup/startup_mcxn947_cm33_core0.o
                0x00002570                Freqme_IRQHandler
 .text.SEC_VIO_IRQHandler
                0x00002578        0x8 ./startup/startup_mcxn947_cm33_core0.o
                0x00002578                SEC_VIO_IRQHandler
 .text.ELS_IRQHandler
                0x00002580        0x8 ./startup/startup_mcxn947_cm33_core0.o
                0x00002580                ELS_IRQHandler
 .text.PKC_IRQHandler
                0x00002588        0x8 ./startup/startup_mcxn947_cm33_core0.o
                0x00002588                PKC_IRQHandler
 .text.PUF_IRQHandler
                0x00002590        0x8 ./startup/startup_mcxn947_cm33_core0.o
                0x00002590                PUF_IRQHandler
 .text.PQ_IRQHandler
                0x00002598        0x8 ./startup/startup_mcxn947_cm33_core0.o
                0x00002598                PQ_IRQHandler
 .text.EDMA_1_CH0_IRQHandler
                0x000025a0        0x8 ./startup/startup_mcxn947_cm33_core0.o
                0x000025a0                EDMA_1_CH0_IRQHandler
 .text.EDMA_1_CH1_IRQHandler
                0x000025a8        0x8 ./startup/startup_mcxn947_cm33_core0.o
                0x000025a8                EDMA_1_CH1_IRQHandler
 .text.EDMA_1_CH2_IRQHandler
                0x000025b0        0x8 ./startup/startup_mcxn947_cm33_core0.o
                0x000025b0                EDMA_1_CH2_IRQHandler
 .text.EDMA_1_CH3_IRQHandler
                0x000025b8        0x8 ./startup/startup_mcxn947_cm33_core0.o
                0x000025b8                EDMA_1_CH3_IRQHandler
 .text.EDMA_1_CH4_IRQHandler
                0x000025c0        0x8 ./startup/startup_mcxn947_cm33_core0.o
                0x000025c0                EDMA_1_CH4_IRQHandler
 .text.EDMA_1_CH5_IRQHandler
                0x000025c8        0x8 ./startup/startup_mcxn947_cm33_core0.o
                0x000025c8                EDMA_1_CH5_IRQHandler
 .text.EDMA_1_CH6_IRQHandler
                0x000025d0        0x8 ./startup/startup_mcxn947_cm33_core0.o
                0x000025d0                EDMA_1_CH6_IRQHandler
 .text.EDMA_1_CH7_IRQHandler
                0x000025d8        0x8 ./startup/startup_mcxn947_cm33_core0.o
                0x000025d8                EDMA_1_CH7_IRQHandler
 .text.EDMA_1_CH8_IRQHandler
                0x000025e0        0x8 ./startup/startup_mcxn947_cm33_core0.o
                0x000025e0                EDMA_1_CH8_IRQHandler
 .text.EDMA_1_CH9_IRQHandler
                0x000025e8        0x8 ./startup/startup_mcxn947_cm33_core0.o
                0x000025e8                EDMA_1_CH9_IRQHandler
 .text.EDMA_1_CH10_IRQHandler
                0x000025f0        0x8 ./startup/startup_mcxn947_cm33_core0.o
                0x000025f0                EDMA_1_CH10_IRQHandler
 .text.EDMA_1_CH11_IRQHandler
                0x000025f8        0x8 ./startup/startup_mcxn947_cm33_core0.o
                0x000025f8                EDMA_1_CH11_IRQHandler
 .text.EDMA_1_CH12_IRQHandler
                0x00002600        0x8 ./startup/startup_mcxn947_cm33_core0.o
                0x00002600                EDMA_1_CH12_IRQHandler
 .text.EDMA_1_CH13_IRQHandler
                0x00002608        0x8 ./startup/startup_mcxn947_cm33_core0.o
                0x00002608                EDMA_1_CH13_IRQHandler
 .text.EDMA_1_CH14_IRQHandler
                0x00002610        0x8 ./startup/startup_mcxn947_cm33_core0.o
                0x00002610                EDMA_1_CH14_IRQHandler
 .text.EDMA_1_CH15_IRQHandler
                0x00002618        0x8 ./startup/startup_mcxn947_cm33_core0.o
                0x00002618                EDMA_1_CH15_IRQHandler
 .text.CDOG0_IRQHandler
                0x00002620        0x8 ./startup/startup_mcxn947_cm33_core0.o
                0x00002620                CDOG0_IRQHandler
 .text.CDOG1_IRQHandler
                0x00002628        0x8 ./startup/startup_mcxn947_cm33_core0.o
                0x00002628                CDOG1_IRQHandler
 .text.I3C0_IRQHandler
                0x00002630        0x8 ./startup/startup_mcxn947_cm33_core0.o
                0x00002630                I3C0_IRQHandler
 .text.I3C1_IRQHandler
                0x00002638        0x8 ./startup/startup_mcxn947_cm33_core0.o
                0x00002638                I3C1_IRQHandler
 .text.NPU_IRQHandler
                0x00002640        0x8 ./startup/startup_mcxn947_cm33_core0.o
                0x00002640                NPU_IRQHandler
 .text.GDET_IRQHandler
                0x00002648        0x8 ./startup/startup_mcxn947_cm33_core0.o
                0x00002648                GDET_IRQHandler
 .text.VBAT0_IRQHandler
                0x00002650        0x8 ./startup/startup_mcxn947_cm33_core0.o
                0x00002650                VBAT0_IRQHandler
 .text.EWM0_IRQHandler
                0x00002658        0x8 ./startup/startup_mcxn947_cm33_core0.o
                0x00002658                EWM0_IRQHandler
 .text.TSI_END_OF_SCAN_IRQHandler
                0x00002660        0x8 ./startup/startup_mcxn947_cm33_core0.o
                0x00002660                TSI_END_OF_SCAN_IRQHandler
 .text.TSI_OUT_OF_SCAN_IRQHandler
                0x00002668        0x8 ./startup/startup_mcxn947_cm33_core0.o
                0x00002668                TSI_OUT_OF_SCAN_IRQHandler
 .text.EMVSIM0_IRQHandler
                0x00002670        0x8 ./startup/startup_mcxn947_cm33_core0.o
                0x00002670                EMVSIM0_IRQHandler
 .text.EMVSIM1_IRQHandler
                0x00002678        0x8 ./startup/startup_mcxn947_cm33_core0.o
                0x00002678                EMVSIM1_IRQHandler
 .text.FLEXIO_IRQHandler
                0x00002680        0x8 ./startup/startup_mcxn947_cm33_core0.o
                0x00002680                FLEXIO_IRQHandler
 .text.DAC0_IRQHandler
                0x00002688        0x8 ./startup/startup_mcxn947_cm33_core0.o
                0x00002688                DAC0_IRQHandler
 .text.DAC1_IRQHandler
                0x00002690        0x8 ./startup/startup_mcxn947_cm33_core0.o
                0x00002690                DAC1_IRQHandler
 .text.DAC2_IRQHandler
                0x00002698        0x8 ./startup/startup_mcxn947_cm33_core0.o
                0x00002698                DAC2_IRQHandler
 .text.HSCMP0_IRQHandler
                0x000026a0        0x8 ./startup/startup_mcxn947_cm33_core0.o
                0x000026a0                HSCMP0_IRQHandler
 .text.HSCMP1_IRQHandler
                0x000026a8        0x8 ./startup/startup_mcxn947_cm33_core0.o
                0x000026a8                HSCMP1_IRQHandler
 .text.HSCMP2_IRQHandler
                0x000026b0        0x8 ./startup/startup_mcxn947_cm33_core0.o
                0x000026b0                HSCMP2_IRQHandler
 .text.FLEXPWM0_RELOAD_ERROR_IRQHandler
                0x000026b8        0x8 ./startup/startup_mcxn947_cm33_core0.o
                0x000026b8                FLEXPWM0_RELOAD_ERROR_IRQHandler
 .text.FLEXPWM0_FAULT_IRQHandler
                0x000026c0        0x8 ./startup/startup_mcxn947_cm33_core0.o
                0x000026c0                FLEXPWM0_FAULT_IRQHandler
 .text.FLEXPWM0_SUBMODULE0_IRQHandler
                0x000026c8        0x8 ./startup/startup_mcxn947_cm33_core0.o
                0x000026c8                FLEXPWM0_SUBMODULE0_IRQHandler
 .text.FLEXPWM0_SUBMODULE1_IRQHandler
                0x000026d0        0x8 ./startup/startup_mcxn947_cm33_core0.o
                0x000026d0                FLEXPWM0_SUBMODULE1_IRQHandler
 .text.FLEXPWM0_SUBMODULE2_IRQHandler
                0x000026d8        0x8 ./startup/startup_mcxn947_cm33_core0.o
                0x000026d8                FLEXPWM0_SUBMODULE2_IRQHandler
 .text.FLEXPWM0_SUBMODULE3_IRQHandler
                0x000026e0        0x8 ./startup/startup_mcxn947_cm33_core0.o
                0x000026e0                FLEXPWM0_SUBMODULE3_IRQHandler
 .text.FLEXPWM1_RELOAD_ERROR_IRQHandler
                0x000026e8        0x8 ./startup/startup_mcxn947_cm33_core0.o
                0x000026e8                FLEXPWM1_RELOAD_ERROR_IRQHandler
 .text.FLEXPWM1_FAULT_IRQHandler
                0x000026f0        0x8 ./startup/startup_mcxn947_cm33_core0.o
                0x000026f0                FLEXPWM1_FAULT_IRQHandler
 .text.FLEXPWM1_SUBMODULE0_IRQHandler
                0x000026f8        0x8 ./startup/startup_mcxn947_cm33_core0.o
                0x000026f8                FLEXPWM1_SUBMODULE0_IRQHandler
 .text.FLEXPWM1_SUBMODULE1_IRQHandler
                0x00002700        0x8 ./startup/startup_mcxn947_cm33_core0.o
                0x00002700                FLEXPWM1_SUBMODULE1_IRQHandler
 .text.FLEXPWM1_SUBMODULE2_IRQHandler
                0x00002708        0x8 ./startup/startup_mcxn947_cm33_core0.o
                0x00002708                FLEXPWM1_SUBMODULE2_IRQHandler
 .text.FLEXPWM1_SUBMODULE3_IRQHandler
                0x00002710        0x8 ./startup/startup_mcxn947_cm33_core0.o
                0x00002710                FLEXPWM1_SUBMODULE3_IRQHandler
 .text.QDC0_COMPARE_IRQHandler
                0x00002718        0x8 ./startup/startup_mcxn947_cm33_core0.o
                0x00002718                QDC0_COMPARE_IRQHandler
 .text.QDC0_HOME_IRQHandler
                0x00002720        0x8 ./startup/startup_mcxn947_cm33_core0.o
                0x00002720                QDC0_HOME_IRQHandler
 .text.QDC0_WDG_SAB_IRQHandler
                0x00002728        0x8 ./startup/startup_mcxn947_cm33_core0.o
                0x00002728                QDC0_WDG_SAB_IRQHandler
 .text.QDC0_IDX_IRQHandler
                0x00002730        0x8 ./startup/startup_mcxn947_cm33_core0.o
                0x00002730                QDC0_IDX_IRQHandler
 .text.QDC1_COMPARE_IRQHandler
                0x00002738        0x8 ./startup/startup_mcxn947_cm33_core0.o
                0x00002738                QDC1_COMPARE_IRQHandler
 .text.QDC1_HOME_IRQHandler
                0x00002740        0x8 ./startup/startup_mcxn947_cm33_core0.o
                0x00002740                QDC1_HOME_IRQHandler
 .text.QDC1_WDG_SAB_IRQHandler
                0x00002748        0x8 ./startup/startup_mcxn947_cm33_core0.o
                0x00002748                QDC1_WDG_SAB_IRQHandler
 .text.QDC1_IDX_IRQHandler
                0x00002750        0x8 ./startup/startup_mcxn947_cm33_core0.o
                0x00002750                QDC1_IDX_IRQHandler
 .text.ITRC0_IRQHandler
                0x00002758        0x8 ./startup/startup_mcxn947_cm33_core0.o
                0x00002758                ITRC0_IRQHandler
 .text.BSP32_IRQHandler
                0x00002760        0x8 ./startup/startup_mcxn947_cm33_core0.o
                0x00002760                BSP32_IRQHandler
 .text.ELS_ERR_IRQHandler
                0x00002768        0x8 ./startup/startup_mcxn947_cm33_core0.o
                0x00002768                ELS_ERR_IRQHandler
 .text.PKC_ERR_IRQHandler
                0x00002770        0x8 ./startup/startup_mcxn947_cm33_core0.o
                0x00002770                PKC_ERR_IRQHandler
 .text.ERM_SINGLE_BIT_ERROR_IRQHandler
                0x00002778        0x8 ./startup/startup_mcxn947_cm33_core0.o
                0x00002778                ERM_SINGLE_BIT_ERROR_IRQHandler
 .text.ERM_MULTI_BIT_ERROR_IRQHandler
                0x00002780        0x8 ./startup/startup_mcxn947_cm33_core0.o
                0x00002780                ERM_MULTI_BIT_ERROR_IRQHandler
 .text.FMU0_IRQHandler
                0x00002788        0x8 ./startup/startup_mcxn947_cm33_core0.o
                0x00002788                FMU0_IRQHandler
 .text.ETHERNET_IRQHandler
                0x00002790        0x8 ./startup/startup_mcxn947_cm33_core0.o
                0x00002790                ETHERNET_IRQHandler
 .text.ETHERNET_PMT_IRQHandler
                0x00002798        0x8 ./startup/startup_mcxn947_cm33_core0.o
                0x00002798                ETHERNET_PMT_IRQHandler
 .text.ETHERNET_MACLP_IRQHandler
                0x000027a0        0x8 ./startup/startup_mcxn947_cm33_core0.o
                0x000027a0                ETHERNET_MACLP_IRQHandler
 .text.SINC_FILTER_IRQHandler
                0x000027a8        0x8 ./startup/startup_mcxn947_cm33_core0.o
                0x000027a8                SINC_FILTER_IRQHandler
 .text.LPTMR0_IRQHandler
                0x000027b0        0x8 ./startup/startup_mcxn947_cm33_core0.o
                0x000027b0                LPTMR0_IRQHandler
 .text.LPTMR1_IRQHandler
                0x000027b8        0x8 ./startup/startup_mcxn947_cm33_core0.o
                0x000027b8                LPTMR1_IRQHandler
 .text.SCG_IRQHandler
                0x000027c0        0x8 ./startup/startup_mcxn947_cm33_core0.o
                0x000027c0                SCG_IRQHandler
 .text.SPC_IRQHandler
                0x000027c8        0x8 ./startup/startup_mcxn947_cm33_core0.o
                0x000027c8                SPC_IRQHandler
 .text.WUU_IRQHandler
                0x000027d0        0x8 ./startup/startup_mcxn947_cm33_core0.o
                0x000027d0                WUU_IRQHandler
 .text.PORT_EFT_IRQHandler
                0x000027d8        0x8 ./startup/startup_mcxn947_cm33_core0.o
                0x000027d8                PORT_EFT_IRQHandler
 .text.ETB0_IRQHandler
                0x000027e0        0x8 ./startup/startup_mcxn947_cm33_core0.o
                0x000027e0                ETB0_IRQHandler
 .text.Reserved166_IRQHandler
                0x000027e8        0x8 ./startup/startup_mcxn947_cm33_core0.o
                0x000027e8                Reserved166_IRQHandler
 .text.Reserved167_IRQHandler
                0x000027f0        0x8 ./startup/startup_mcxn947_cm33_core0.o
                0x000027f0                Reserved167_IRQHandler
 .text.WWDT0_IRQHandler
                0x000027f8        0x8 ./startup/startup_mcxn947_cm33_core0.o
                0x000027f8                WWDT0_IRQHandler
 .text.WWDT1_IRQHandler
                0x00002800        0x8 ./startup/startup_mcxn947_cm33_core0.o
                0x00002800                WWDT1_IRQHandler
 .text.CMC0_IRQHandler
                0x00002808        0x8 ./startup/startup_mcxn947_cm33_core0.o
                0x00002808                CMC0_IRQHandler
 .text.CTI0_IRQHandler
                0x00002810        0x8 ./startup/startup_mcxn947_cm33_core0.o
                0x00002810                CTI0_IRQHandler
 .text.CLOCK_EnableClock
                0x00002818       0x8c ./source/gpio_led_output.o
 .text.GPIO_PortToggle
                0x000028a4       0x1c ./source/gpio_led_output.o
 .text.HardFault_Handler
                0x000028c0       0x36 ./source/semihost_hardfault.o
                0x000028c0                HardFault_Handler
 .text.CLOCK_GetPll0OutFreq
                0x000028f6       0x82 ./drivers/fsl_clock.o
                0x000028f6                CLOCK_GetPll0OutFreq
 .text.GPIO_PinWrite
                0x00002978       0x36 ./drivers/fsl_gpio.o
 .text.CLOCK_EnableClock
                0x000029ae       0x8c ./drivers/fsl_lpflexcomm.o
 .text.LP_FLEXCOMM_PeripheralIsPresent
                0x00002a3a       0x52 ./drivers/fsl_lpflexcomm.o
 .text.LP_FLEXCOMM0_DriverIRQHandler
                0x00002a8c        0xe ./drivers/fsl_lpflexcomm.o
                0x00002a8c                LP_FLEXCOMM0_DriverIRQHandler
 .text.LP_FLEXCOMM1_DriverIRQHandler
                0x00002a9a        0xe ./drivers/fsl_lpflexcomm.o
                0x00002a9a                LP_FLEXCOMM1_DriverIRQHandler
 .text.LP_FLEXCOMM2_DriverIRQHandler
                0x00002aa8        0xe ./drivers/fsl_lpflexcomm.o
                0x00002aa8                LP_FLEXCOMM2_DriverIRQHandler
 .text.LP_FLEXCOMM3_DriverIRQHandler
                0x00002ab6        0xe ./drivers/fsl_lpflexcomm.o
                0x00002ab6                LP_FLEXCOMM3_DriverIRQHandler
 .text.LP_FLEXCOMM4_DriverIRQHandler
                0x00002ac4        0xe ./drivers/fsl_lpflexcomm.o
                0x00002ac4                LP_FLEXCOMM4_DriverIRQHandler
 .text.LP_FLEXCOMM5_DriverIRQHandler
                0x00002ad2        0xe ./drivers/fsl_lpflexcomm.o
                0x00002ad2                LP_FLEXCOMM5_DriverIRQHandler
 .text.LP_FLEXCOMM6_DriverIRQHandler
                0x00002ae0        0xe ./drivers/fsl_lpflexcomm.o
                0x00002ae0                LP_FLEXCOMM6_DriverIRQHandler
 .text.LP_FLEXCOMM7_DriverIRQHandler
                0x00002aee        0xe ./drivers/fsl_lpflexcomm.o
                0x00002aee                LP_FLEXCOMM7_DriverIRQHandler
 .text.LP_FLEXCOMM8_DriverIRQHandler
                0x00002afc        0xe ./drivers/fsl_lpflexcomm.o
                0x00002afc                LP_FLEXCOMM8_DriverIRQHandler
 .text.LP_FLEXCOMM9_DriverIRQHandler
                0x00002b0a        0xe ./drivers/fsl_lpflexcomm.o
                0x00002b0a                LP_FLEXCOMM9_DriverIRQHandler
 .text.LPUART_SoftwareReset
                0x00002b18       0x2c ./drivers/fsl_lpuart.o
 .text.SPC_GetActiveModeBandgapMode
                0x00002b44       0x22 ./drivers/fsl_spc.o
 .text.SPC_GetActiveModeVoltageDetectStatus
                0x00002b66       0x22 ./drivers/fsl_spc.o
 .text.SPC_GetActiveModeCoreLDOVDDVoltageLevel
                0x00002b88       0x22 ./drivers/fsl_spc.o
 .text.SPC_GetActiveModeCoreLDODriveStrength
                0x00002baa       0x22 ./drivers/fsl_spc.o
 .text.SPC_SetActiveModeDCDCRegulatorVoltageLevel
                0x00002bcc       0x32 ./drivers/fsl_spc.o
 .text.SPC_SetActiveModeCoreLDORegulatorVoltageLevel
                0x00002bfe       0x60 ./drivers/fsl_spc.o
                0x00002bfe                SPC_SetActiveModeCoreLDORegulatorVoltageLevel
 .text.SPC_SetActiveModeCoreLDORegulatorDriveStrength
                0x00002c5e       0x5e ./drivers/fsl_spc.o
                0x00002c5e                SPC_SetActiveModeCoreLDORegulatorDriveStrength
 .text.SPC_SetActiveModeDCDCRegulatorDriveStrength
                0x00002cbc       0x48 ./drivers/fsl_spc.o
                0x00002cbc                SPC_SetActiveModeDCDCRegulatorDriveStrength
 .text.SystemInitHook
                0x00002d04        0xe ./device/system_MCXN947_cm33_core0.o
                0x00002d04                SystemInitHook
 .text.HAL_UartGetStatus
                0x00002d12       0x28 ./component/uart/fsl_adapter_lpuart.o
 .text.CLOCK_EnableClock
                0x00002d3a       0x8c ./board/clock_config.o
 .text.BOARD_InitBootClocks
                0x00002dc6        0xc ./board/clock_config.o
                0x00002dc6                BOARD_InitBootClocks
 .text.CLOCK_EnableClock
                0x00002dd2       0x8c ./board/pin_mux.o
 .text.__main   0x00002e5e        0xe /Applications/MCUXpressoIDE_11.10.0_3148/ide/plugins/com.nxp.mcuxpresso.tools.macosx_11.10.0.202311280810/tools/bin/../lib/gcc/arm-none-eabi/13.2.1/../../../../arm-none-eabi/lib/thumb/v8-m.main+fp/hard/libcr_nohost_nf.a(_cr__main.o)
                0x00002e5e                __main
 .text.memset   0x00002e6c        0x4 /Applications/MCUXpressoIDE_11.10.0_3148/ide/plugins/com.nxp.mcuxpresso.tools.macosx_11.10.0.202311280810/tools/bin/../lib/gcc/arm-none-eabi/13.2.1/../../../../arm-none-eabi/lib/thumb/v8-m.main+fp/hard/libcr_c.a(memset.o)
                0x00002e6c                memset
 .text.free     0x00002e70       0x30 /Applications/MCUXpressoIDE_11.10.0_3148/ide/plugins/com.nxp.mcuxpresso.tools.macosx_11.10.0.202311280810/tools/bin/../lib/gcc/arm-none-eabi/13.2.1/../../../../arm-none-eabi/lib/thumb/v8-m.main+fp/hard/libcr_c.a(alloc.o)
                0x00002e70                free
 .text.setvbuf  0x00002ea0       0x3e /Applications/MCUXpressoIDE_11.10.0_3148/ide/plugins/com.nxp.mcuxpresso.tools.macosx_11.10.0.202311280810/tools/bin/../lib/gcc/arm-none-eabi/13.2.1/../../../../arm-none-eabi/lib/thumb/v8-m.main+fp/hard/libcr_c.a(setvbuf.o)
                0x00002ea0                setvbuf
 .text.strlen   0x00002ede       0x4e /Applications/MCUXpressoIDE_11.10.0_3148/ide/plugins/com.nxp.mcuxpresso.tools.macosx_11.10.0.202311280810/tools/bin/../lib/gcc/arm-none-eabi/13.2.1/../../../../arm-none-eabi/lib/thumb/v8-m.main+fp/hard/libcr_c.a(strlen.o)
                0x00002ede                strlen
 .text._deferredlazyseek
                0x00002f2c       0x40 /Applications/MCUXpressoIDE_11.10.0_3148/ide/plugins/com.nxp.mcuxpresso.tools.macosx_11.10.0.202311280810/tools/bin/../lib/gcc/arm-none-eabi/13.2.1/../../../../arm-none-eabi/lib/thumb/v8-m.main+fp/hard/libcr_c.a(_deferredlazyseek.o)
                0x00002f2c                _deferredlazyseek
 .text._fdopen  0x00002f6c       0x68 /Applications/MCUXpressoIDE_11.10.0_3148/ide/plugins/com.nxp.mcuxpresso.tools.macosx_11.10.0.202311280810/tools/bin/../lib/gcc/arm-none-eabi/13.2.1/../../../../arm-none-eabi/lib/thumb/v8-m.main+fp/hard/libcr_c.a(_fdopen.o)
                0x00002f6c                _fdopen
 .text._fflush  0x00002fd4       0x52 /Applications/MCUXpressoIDE_11.10.0_3148/ide/plugins/com.nxp.mcuxpresso.tools.macosx_11.10.0.202311280810/tools/bin/../lib/gcc/arm-none-eabi/13.2.1/../../../../arm-none-eabi/lib/thumb/v8-m.main+fp/hard/libcr_c.a(_fflush.o)
                0x00002fd4                _fflush
 .text.fclose   0x00003026       0x58 /Applications/MCUXpressoIDE_11.10.0_3148/ide/plugins/com.nxp.mcuxpresso.tools.macosx_11.10.0.202311280810/tools/bin/../lib/gcc/arm-none-eabi/13.2.1/../../../../arm-none-eabi/lib/thumb/v8-m.main+fp/hard/libcr_c.a(fclose.o)
                0x00003026                fclose
 .text.remove   0x0000307e       0x14 /Applications/MCUXpressoIDE_11.10.0_3148/ide/plugins/com.nxp.mcuxpresso.tools.macosx_11.10.0.202311280810/tools/bin/../lib/gcc/arm-none-eabi/13.2.1/../../../../arm-none-eabi/lib/thumb/v8-m.main+fp/hard/libcr_c.a(remove.o)
                0x0000307e                remove
 .text._do_fflush
                0x00003092       0x40 /Applications/MCUXpressoIDE_11.10.0_3148/ide/plugins/com.nxp.mcuxpresso.tools.macosx_11.10.0.202311280810/tools/bin/../lib/gcc/arm-none-eabi/13.2.1/../../../../arm-none-eabi/lib/thumb/v8-m.main+fp/hard/libcr_c.a(_do_fflush.o)
                0x00003092                _do_fflush
 .text.__aeabi_f2ulz
                0x000030d2       0x3e /Applications/MCUXpressoIDE_11.10.0_3148/ide/plugins/com.nxp.mcuxpresso.tools.macosx_11.10.0.202311280810/tools/bin/../lib/gcc/arm-none-eabi/13.2.1/thumb/v8-m.main+fp/hard/libcr_eabihelpers.a(float.o)
                0x000030d2                __aeabi_f2ulz
 .text.__aeabi_memset_lowlevel
                0x00003110       0x32 /Applications/MCUXpressoIDE_11.10.0_3148/ide/plugins/com.nxp.mcuxpresso.tools.macosx_11.10.0.202311280810/tools/bin/../lib/gcc/arm-none-eabi/13.2.1/thumb/v8-m.main+fp/hard/libcr_eabihelpers.a(memcpy.o)
                0x00003110                __aeabi_lowlevel_memset
 .text.__sys_close
                0x00003142        0x6 /Applications/MCUXpressoIDE_11.10.0_3148/ide/plugins/com.nxp.mcuxpresso.tools.macosx_11.10.0.202311280810/tools/bin/../lib/gcc/arm-none-eabi/13.2.1/../../../../arm-none-eabi/lib/thumb/v8-m.main+fp/hard/libcr_nohost_nf.a(__sys_close.o)
                0x00003142                __sys_close
 .text.__sys_flen
                0x00003148        0x6 /Applications/MCUXpressoIDE_11.10.0_3148/ide/plugins/com.nxp.mcuxpresso.tools.macosx_11.10.0.202311280810/tools/bin/../lib/gcc/arm-none-eabi/13.2.1/../../../../arm-none-eabi/lib/thumb/v8-m.main+fp/hard/libcr_nohost_nf.a(__sys_flen.o)
                0x00003148                __sys_flen
 .text.__sys_istty
                0x0000314e        0x6 /Applications/MCUXpressoIDE_11.10.0_3148/ide/plugins/com.nxp.mcuxpresso.tools.macosx_11.10.0.202311280810/tools/bin/../lib/gcc/arm-none-eabi/13.2.1/../../../../arm-none-eabi/lib/thumb/v8-m.main+fp/hard/libcr_nohost_nf.a(__sys_istty.o)
                0x0000314e                __sys_istty
 .text.__sys_remove
                0x00003154        0x6 /Applications/MCUXpressoIDE_11.10.0_3148/ide/plugins/com.nxp.mcuxpresso.tools.macosx_11.10.0.202311280810/tools/bin/../lib/gcc/arm-none-eabi/13.2.1/../../../../arm-none-eabi/lib/thumb/v8-m.main+fp/hard/libcr_nohost_nf.a(__sys_remove.o)
                0x00003154                __sys_remove
 .text.__sys_seek
                0x0000315a        0x6 /Applications/MCUXpressoIDE_11.10.0_3148/ide/plugins/com.nxp.mcuxpresso.tools.macosx_11.10.0.202311280810/tools/bin/../lib/gcc/arm-none-eabi/13.2.1/../../../../arm-none-eabi/lib/thumb/v8-m.main+fp/hard/libcr_nohost_nf.a(__sys_seek.o)
                0x0000315a                __sys_seek
 .text.__sys_tmpnam
                0x00003160        0x6 /Applications/MCUXpressoIDE_11.10.0_3148/ide/plugins/com.nxp.mcuxpresso.tools.macosx_11.10.0.202311280810/tools/bin/../lib/gcc/arm-none-eabi/13.2.1/../../../../arm-none-eabi/lib/thumb/v8-m.main+fp/hard/libcr_nohost_nf.a(__sys_tmpnam.o)
                0x00003160                __sys_tmpnam
 .text.__sys_write
                0x00003166        0x4 /Applications/MCUXpressoIDE_11.10.0_3148/ide/plugins/com.nxp.mcuxpresso.tools.macosx_11.10.0.202311280810/tools/bin/../lib/gcc/arm-none-eabi/13.2.1/../../../../arm-none-eabi/lib/thumb/v8-m.main+fp/hard/libcr_nohost_nf.a(__sys_write.o)
                0x00003166                __sys_write
 *(SORT_BY_ALIGNMENT(.rodata) SORT_BY_ALIGNMENT(.rodata.*) SORT_BY_ALIGNMENT(.constdata) SORT_BY_ALIGNMENT(.constdata.*))
 *fill*         0x0000316a        0x2 ff
 .rodata.__assertion_failed.str1.4
                0x0000316c      0x59b ./utilities/fsl_assert.o
                                 0x14 (size before relaxing)
 .rodata.main.str1.4
                0x00003707       0x36 ./source/gpio_led_output.o
 .rodata.GPIO_PinInit.str1.4
                0x00003707       0x20 ./drivers/fsl_gpio.o
 *fill*         0x00003707        0x1 ff
 .rodata.s_lpflexcommBase
                0x00003708       0x28 ./drivers/fsl_lpflexcomm.o
 .rodata.s_lpflexcommClocks
                0x00003730       0x14 ./drivers/fsl_lpflexcomm.o
 .rodata.s_lpflexcommResets
                0x00003744       0x28 ./drivers/fsl_lpflexcomm.o
 .rodata.LP_FLEXCOMM_SetPeriph.str1.4
                0x0000376c       0x43 ./drivers/fsl_lpflexcomm.o
 .rodata.LP_FLEXCOMM_Init.str1.4
                0x0000376c       0x49 ./drivers/fsl_lpflexcomm.o
 .rodata.s_lpuartBases
                0x0000376c       0x28 ./drivers/fsl_lpuart.o
 .rodata.LPUART_GetInstance.str1.4
                0x00003794       0x38 ./drivers/fsl_lpuart.o
 .rodata.LPUART_Init.str1.4
                0x00003794      0x10a ./drivers/fsl_lpuart.o
 .rodata.LPUART_GetDefaultConfig.str1.4
                0x00003794       0x22 ./drivers/fsl_lpuart.o
 .rodata.LPUART_WriteBlocking.str1.4
                0x00003794       0x21 ./drivers/fsl_lpuart.o
 .rodata.LPUART_ReadBlocking.str1.4
                0x00003794       0x21 ./drivers/fsl_lpuart.o
 .rodata.RESET_ClearPeripheralReset.str1.4
                0x00003794       0x1e ./drivers/fsl_reset.o
 .rodata.SPC_SetSRAMOperateVoltage.str1.4
                0x00003794       0x1f ./drivers/fsl_spc.o
 .rodata.SPC_SetActiveModeCoreLDORegulatorConfig.str1.4
                0x00003794       0x1f ./drivers/fsl_spc.o
 .rodata.SPC_SetActiveModeDCDCRegulatorConfig.str1.4
                0x00003794       0x20 ./drivers/fsl_spc.o
 .rodata.s_LpuartAdapterBase
                0x00003794       0x28 ./component/uart/fsl_adapter_lpuart.o
 .rodata.HAL_UartInit.str1.4
                0x000037bc      0x116 ./component/uart/fsl_adapter_lpuart.o
 .rodata.HAL_UartReceiveBlocking.str1.4
                0x000037bc       0x7b ./component/uart/fsl_adapter_lpuart.o
 .rodata.HAL_UartSendBlocking.str1.4
                0x000037bc       0x7b ./component/uart/fsl_adapter_lpuart.o
 .rodata        0x000037bc       0x22 ./board/clock_config.o
 .rodata.PORT_SetPinConfig.str1.4
                0x000037de       0x5f ./board/pin_mux.o
 *fill*         0x000037de        0x2 ff
 .rodata.__num_Ciob_streams
                0x000037e0        0x4 /Applications/MCUXpressoIDE_11.10.0_3148/ide/plugins/com.nxp.mcuxpresso.tools.macosx_11.10.0.202311280810/tools/bin/../lib/gcc/arm-none-eabi/13.2.1/../../../../arm-none-eabi/lib/thumb/v8-m.main+fp/hard/libcr_nohost_nf.a(__ciob.o)
                0x000037e0                __num_Ciob_streams
 .rodata._initio.str1.1
                0x000037e4        0x4 /Applications/MCUXpressoIDE_11.10.0_3148/ide/plugins/com.nxp.mcuxpresso.tools.macosx_11.10.0.202311280810/tools/bin/../lib/gcc/arm-none-eabi/13.2.1/../../../../arm-none-eabi/lib/thumb/v8-m.main+fp/hard/libcr_c.a(initio.o)
                0x000037e8                        . = ALIGN (0x4)

.glue_7         0x000037e8        0x0
 .glue_7        0x000037e8        0x0 linker stubs

.glue_7t        0x000037e8        0x0
 .glue_7t       0x000037e8        0x0 linker stubs

.vfp11_veneer   0x000037e8        0x0
 .vfp11_veneer  0x000037e8        0x0 linker stubs

.v4_bx          0x000037e8        0x0
 .v4_bx         0x000037e8        0x0 linker stubs

.iplt           0x000037e8        0x0
 .iplt          0x000037e8        0x0 ./utilities/fsl_assert.o

.rel.dyn        0x000037e8        0x0
 .rel.iplt      0x000037e8        0x0 ./utilities/fsl_assert.o

.ARM.extab
 *(SORT_BY_ALIGNMENT(.ARM.extab*) SORT_BY_ALIGNMENT(.gnu.linkonce.armextab.*))

.ARM.exidx      0x000037e8        0x0
                0x000037e8                        __exidx_start = .
 *(SORT_BY_ALIGNMENT(.ARM.exidx*) SORT_BY_ALIGNMENT(.gnu.linkonce.armexidx.*))
                0x000037e8                        __exidx_end = .
                0x000037e8                        _etext = .

.m_usb_data
 *(SORT_BY_ALIGNMENT(m_usb_global))

.data_RAM2      0x04000000        0x0 load address 0x000037e8
 FILL mask 0xff
                [!provide]                        PROVIDE (__start_data_RAM2 = .)
                [!provide]                        PROVIDE (__start_data_SRAMX = .)
 *(SORT_BY_ALIGNMENT(.ramfunc.$RAM2))
 *(SORT_BY_ALIGNMENT(.ramfunc.$SRAMX))
 *(SORT_BY_ALIGNMENT(.data.$RAM2))
 *(SORT_BY_ALIGNMENT(.data.$SRAMX))
 *(SORT_BY_ALIGNMENT(.data.$RAM2.*))
 *(SORT_BY_ALIGNMENT(.data.$SRAMX.*))
                0x04000000                        . = ALIGN (0x4)
                [!provide]                        PROVIDE (__end_data_RAM2 = .)
                [!provide]                        PROVIDE (__end_data_SRAMX = .)

.data_RAM3      0x20060000        0x0 load address 0x000037e8
 FILL mask 0xff
                [!provide]                        PROVIDE (__start_data_RAM3 = .)
                [!provide]                        PROVIDE (__start_data_SRAMH = .)
 *(SORT_BY_ALIGNMENT(.ramfunc.$RAM3))
 *(SORT_BY_ALIGNMENT(.ramfunc.$SRAMH))
 *(SORT_BY_ALIGNMENT(.data.$RAM3))
 *(SORT_BY_ALIGNMENT(.data.$SRAMH))
 *(SORT_BY_ALIGNMENT(.data.$RAM3.*))
 *(SORT_BY_ALIGNMENT(.data.$SRAMH.*))
                0x20060000                        . = ALIGN (0x4)
                [!provide]                        PROVIDE (__end_data_RAM3 = .)
                [!provide]                        PROVIDE (__end_data_SRAMH = .)

.data_RAM4      0x400ba000        0x0 load address 0x000037e8
 FILL mask 0xff
                [!provide]                        PROVIDE (__start_data_RAM4 = .)
                [!provide]                        PROVIDE (__start_data_USB_RAM = .)
 *(SORT_BY_ALIGNMENT(.ramfunc.$RAM4))
 *(SORT_BY_ALIGNMENT(.ramfunc.$USB_RAM))
 *(SORT_BY_ALIGNMENT(.data.$RAM4))
 *(SORT_BY_ALIGNMENT(.data.$USB_RAM))
 *(SORT_BY_ALIGNMENT(.data.$RAM4.*))
 *(SORT_BY_ALIGNMENT(.data.$USB_RAM.*))
                0x400ba000                        . = ALIGN (0x4)
                [!provide]                        PROVIDE (__end_data_RAM4 = .)
                [!provide]                        PROVIDE (__end_data_USB_RAM = .)

.uninit_RESERVED
                0x20000000        0x0
                0x20000000                        _start_uninit_RESERVED = .
 *(SORT_BY_ALIGNMENT(.bss.$RESERVED*))
                0x20000000                        . = ALIGN (0x4)
                0x20000000                        _end_uninit_RESERVED = .

.data           0x20000000        0xc load address 0x000037e8
 FILL mask 0xff
                0x20000000                        _data = .
                [!provide]                        PROVIDE (__start_data_RAM = .)
                [!provide]                        PROVIDE (__start_data_SRAM = .)
 *(SORT_BY_ALIGNMENT(vtable))
 *(SORT_BY_ALIGNMENT(.ramfunc*))
 *(SORT_BY_ALIGNMENT(CodeQuickAccess))
 *(SORT_BY_ALIGNMENT(DataQuickAccess))
 *(SORT_BY_ALIGNMENT(RamFunction))
 *(SORT_BY_ALIGNMENT(.data*))
 .data.s_Ext_Clk_Freq
                0x20000000        0x4 ./drivers/fsl_clock.o
 .data.s_Xtal32_Freq
                0x20000004        0x4 ./drivers/fsl_clock.o
 .data.SystemCoreClock
                0x20000008        0x4 ./device/system_MCXN947_cm33_core0.o
                0x20000008                SystemCoreClock
                0x2000000c                        . = ALIGN (0x4)
                0x2000000c                        _edata = .
                [!provide]                        PROVIDE (__end_data_RAM = .)
                [!provide]                        PROVIDE (__end_data_SRAM = .)

.igot.plt       0x2000000c        0x0 load address 0x000037f4
 .igot.plt      0x2000000c        0x0 ./utilities/fsl_assert.o

.bss_RAM2       0x04000000        0x0
                [!provide]                        PROVIDE (__start_bss_RAM2 = .)
                [!provide]                        PROVIDE (__start_bss_SRAMX = .)
 *(SORT_BY_ALIGNMENT(.bss.$RAM2))
 *(SORT_BY_ALIGNMENT(.bss.$SRAMX))
 *(SORT_BY_ALIGNMENT(.bss.$RAM2.*))
 *(SORT_BY_ALIGNMENT(.bss.$SRAMX.*))
                0x04000000                        . = ALIGN ((. != 0x0)?0x4:0x1)
                [!provide]                        PROVIDE (__end_bss_RAM2 = .)
                [!provide]                        PROVIDE (__end_bss_SRAMX = .)

.bss_RAM3       0x20060000        0x0
                [!provide]                        PROVIDE (__start_bss_RAM3 = .)
                [!provide]                        PROVIDE (__start_bss_SRAMH = .)
 *(SORT_BY_ALIGNMENT(.bss.$RAM3))
 *(SORT_BY_ALIGNMENT(.bss.$SRAMH))
 *(SORT_BY_ALIGNMENT(.bss.$RAM3.*))
 *(SORT_BY_ALIGNMENT(.bss.$SRAMH.*))
                0x20060000                        . = ALIGN ((. != 0x0)?0x4:0x1)
                [!provide]                        PROVIDE (__end_bss_RAM3 = .)
                [!provide]                        PROVIDE (__end_bss_SRAMH = .)

.bss_RAM4       0x400ba000        0x0
                [!provide]                        PROVIDE (__start_bss_RAM4 = .)
                [!provide]                        PROVIDE (__start_bss_USB_RAM = .)
 *(SORT_BY_ALIGNMENT(.bss.$RAM4))
 *(SORT_BY_ALIGNMENT(.bss.$USB_RAM))
 *(SORT_BY_ALIGNMENT(.bss.$RAM4.*))
 *(SORT_BY_ALIGNMENT(.bss.$USB_RAM.*))
                0x400ba000                        . = ALIGN ((. != 0x0)?0x4:0x1)
                [!provide]                        PROVIDE (__end_bss_RAM4 = .)
                [!provide]                        PROVIDE (__end_bss_USB_RAM = .)

.bss            0x2000000c      0x20c
                0x2000000c                        _bss = .
                [!provide]                        PROVIDE (__start_bss_RAM = .)
                [!provide]                        PROVIDE (__start_bss_SRAM = .)
 *(SORT_BY_ALIGNMENT(.bss*))
 .bss.s_debugConsole
                0x2000000c       0x14 ./utilities/fsl_debug_console.o
 .bss.s_lpflexcommIrqHandler
                0x20000020       0xa0 ./drivers/fsl_lpflexcomm.o
 .bss.s_lpflexcommHandle
                0x200000c0       0xa0 ./drivers/fsl_lpflexcomm.o
 .bss.errno     0x20000160        0x4 /Applications/MCUXpressoIDE_11.10.0_3148/ide/plugins/com.nxp.mcuxpresso.tools.macosx_11.10.0.202311280810/tools/bin/../lib/gcc/arm-none-eabi/13.2.1/../../../../arm-none-eabi/lib/thumb/v8-m.main+fp/hard/libcr_c.a(errno.o)
                0x20000160                errno
 .bss.__Ciob    0x20000164       0xb4 /Applications/MCUXpressoIDE_11.10.0_3148/ide/plugins/com.nxp.mcuxpresso.tools.macosx_11.10.0.202311280810/tools/bin/../lib/gcc/arm-none-eabi/13.2.1/../../../../arm-none-eabi/lib/thumb/v8-m.main+fp/hard/libcr_nohost_nf.a(__ciob.o)
                0x20000164                __Ciob
 *(SORT_BY_ALIGNMENT(COMMON))
                0x20000218                        . = ALIGN (0x4)
                0x20000218                        _ebss = .
                [!provide]                        PROVIDE (__end_bss_RAM = .)
                [!provide]                        PROVIDE (__end_bss_SRAM = .)
                [!provide]                        PROVIDE (end = .)

.noinit_RAM2    0x04000000        0x0
                [!provide]                        PROVIDE (__start_noinit_RAM2 = .)
                [!provide]                        PROVIDE (__start_noinit_SRAMX = .)
 *(SORT_BY_ALIGNMENT(.noinit.$RAM2))
 *(SORT_BY_ALIGNMENT(.noinit.$SRAMX))
 *(SORT_BY_ALIGNMENT(.noinit.$RAM2.*))
 *(SORT_BY_ALIGNMENT(.noinit.$SRAMX.*))
                0x04000000                        . = ALIGN (0x4)
                [!provide]                        PROVIDE (__end_noinit_RAM2 = .)
                [!provide]                        PROVIDE (__end_noinit_SRAMX = .)

.noinit_RAM3    0x20060000        0x0
                [!provide]                        PROVIDE (__start_noinit_RAM3 = .)
                [!provide]                        PROVIDE (__start_noinit_SRAMH = .)
 *(SORT_BY_ALIGNMENT(.noinit.$RAM3))
 *(SORT_BY_ALIGNMENT(.noinit.$SRAMH))
 *(SORT_BY_ALIGNMENT(.noinit.$RAM3.*))
 *(SORT_BY_ALIGNMENT(.noinit.$SRAMH.*))
                0x20060000                        . = ALIGN (0x4)
                [!provide]                        PROVIDE (__end_noinit_RAM3 = .)
                [!provide]                        PROVIDE (__end_noinit_SRAMH = .)

.noinit_RAM4    0x400ba000        0x0
                [!provide]                        PROVIDE (__start_noinit_RAM4 = .)
                [!provide]                        PROVIDE (__start_noinit_USB_RAM = .)
 *(SORT_BY_ALIGNMENT(.noinit.$RAM4))
 *(SORT_BY_ALIGNMENT(.noinit.$USB_RAM))
 *(SORT_BY_ALIGNMENT(.noinit.$RAM4.*))
 *(SORT_BY_ALIGNMENT(.noinit.$USB_RAM.*))
                0x400ba000                        . = ALIGN (0x4)
                [!provide]                        PROVIDE (__end_noinit_RAM4 = .)
                [!provide]                        PROVIDE (__end_noinit_USB_RAM = .)

.noinit         0x20000218        0x0
                0x20000218                        _noinit = .
                [!provide]                        PROVIDE (__start_noinit_RAM = .)
                [!provide]                        PROVIDE (__start_noinit_SRAM = .)
 *(SORT_BY_ALIGNMENT(.noinit*))
                0x20000218                        . = ALIGN (0x4)
                0x20000218                        _end_noinit = .
                [!provide]                        PROVIDE (__end_noinit_RAM = .)
                [!provide]                        PROVIDE (__end_noinit_SRAM = .)
                0x00001000                        _HeapSize = 0x1000

.heap           0x20000218     0x1000
                0x20000218                        _pvHeapStart = .
                0x20001218                        . = (. + _HeapSize)
 *fill*         0x20000218     0x1000 
                0x20001218                        . = ALIGN (0x4)
                0x20001218                        _pvHeapLimit = .
                0x00001000                        _StackSize = 0x1000

.heap2stackfill
                0x20001218     0x1000
                0x20002218                        . = (. + _StackSize)
 *fill*         0x20001218     0x1000 

.stack          0x2005f000        0x0
                0x2005f000                        _vStackBase = .
                0x2005f000                        . = ALIGN (0x4)
                0x20060000                        _vStackTop = (. + _StackSize)
                0x00000000                        _image_start = LOADADDR (.text)
                0x000037f4                        _image_end = (LOADADDR (.data) + SIZEOF (.data))
                0x000037f4                        _image_size = (_image_end - _image_start)
OUTPUT(frdmmcxn947_gpio_led_output.axf elf32-littlearm)
LOAD linker stubs

.debug_info     0x00000000    0x1dac9
 .debug_info    0x00000000      0x12e ./utilities/fsl_assert.o
 .debug_info    0x0000012e      0xce8 ./utilities/fsl_debug_console.o
 .debug_info    0x00000e16       0x24 ./utilities/fsl_memcpy.o
 .debug_info    0x00000e3a     0x14b6 ./startup/startup_mcxn947_cm33_core0.o
 .debug_info    0x000022f0     0x241c ./source/gpio_led_output.o
 .debug_info    0x0000470c       0x3c ./source/semihost_hardfault.o
 .debug_info    0x00004748     0x53b3 ./drivers/fsl_clock.o
 .debug_info    0x00009afb      0x558 ./drivers/fsl_gpio.o
 .debug_info    0x0000a053     0x253a ./drivers/fsl_lpflexcomm.o
 .debug_info    0x0000c58d     0x23ed ./drivers/fsl_lpuart.o
 .debug_info    0x0000e97a     0x14c6 ./drivers/fsl_reset.o
 .debug_info    0x0000fe40     0x1aad ./drivers/fsl_spc.o
 .debug_info    0x000118ed     0x188b ./device/system_MCXN947_cm33_core0.o
 .debug_info    0x00013178      0xe5d ./component/uart/fsl_adapter_lpuart.o
 .debug_info    0x00013fd5     0x1340 ./board/board.o
 .debug_info    0x00015315     0x29f7 ./board/clock_config.o
 .debug_info    0x00017d0c     0x1940 ./board/pin_mux.o
 .debug_info    0x0001964c       0x85 /Applications/MCUXpressoIDE_11.10.0_3148/ide/plugins/com.nxp.mcuxpresso.tools.macosx_11.10.0.202311280810/tools/bin/../lib/gcc/arm-none-eabi/13.2.1/../../../../arm-none-eabi/lib/thumb/v8-m.main+fp/hard/libcr_nohost_nf.a(_cr__main.o)
 .debug_info    0x000196d1       0xfc /Applications/MCUXpressoIDE_11.10.0_3148/ide/plugins/com.nxp.mcuxpresso.tools.macosx_11.10.0.202311280810/tools/bin/../lib/gcc/arm-none-eabi/13.2.1/../../../../arm-none-eabi/lib/thumb/v8-m.main+fp/hard/libcr_c.a(memset.o)
 .debug_info    0x000197cd      0x520 /Applications/MCUXpressoIDE_11.10.0_3148/ide/plugins/com.nxp.mcuxpresso.tools.macosx_11.10.0.202311280810/tools/bin/../lib/gcc/arm-none-eabi/13.2.1/../../../../arm-none-eabi/lib/thumb/v8-m.main+fp/hard/libcr_c.a(alloc.o)
 .debug_info    0x00019ced       0x44 /Applications/MCUXpressoIDE_11.10.0_3148/ide/plugins/com.nxp.mcuxpresso.tools.macosx_11.10.0.202311280810/tools/bin/../lib/gcc/arm-none-eabi/13.2.1/../../../../arm-none-eabi/lib/thumb/v8-m.main+fp/hard/libcr_c.a(errno.o)
 .debug_info    0x00019d31      0x339 /Applications/MCUXpressoIDE_11.10.0_3148/ide/plugins/com.nxp.mcuxpresso.tools.macosx_11.10.0.202311280810/tools/bin/../lib/gcc/arm-none-eabi/13.2.1/../../../../arm-none-eabi/lib/thumb/v8-m.main+fp/hard/libcr_c.a(initio.o)
 .debug_info    0x0001a06a      0x1fd /Applications/MCUXpressoIDE_11.10.0_3148/ide/plugins/com.nxp.mcuxpresso.tools.macosx_11.10.0.202311280810/tools/bin/../lib/gcc/arm-none-eabi/13.2.1/../../../../arm-none-eabi/lib/thumb/v8-m.main+fp/hard/libcr_c.a(setvbuf.o)
 .debug_info    0x0001a267       0xe1 /Applications/MCUXpressoIDE_11.10.0_3148/ide/plugins/com.nxp.mcuxpresso.tools.macosx_11.10.0.202311280810/tools/bin/../lib/gcc/arm-none-eabi/13.2.1/../../../../arm-none-eabi/lib/thumb/v8-m.main+fp/hard/libcr_c.a(strlen.o)
 .debug_info    0x0001a348      0x369 /Applications/MCUXpressoIDE_11.10.0_3148/ide/plugins/com.nxp.mcuxpresso.tools.macosx_11.10.0.202311280810/tools/bin/../lib/gcc/arm-none-eabi/13.2.1/../../../../arm-none-eabi/lib/thumb/v8-m.main+fp/hard/libcr_c.a(_deferredlazyseek.o)
 .debug_info    0x0001a6b1      0x24b /Applications/MCUXpressoIDE_11.10.0_3148/ide/plugins/com.nxp.mcuxpresso.tools.macosx_11.10.0.202311280810/tools/bin/../lib/gcc/arm-none-eabi/13.2.1/../../../../arm-none-eabi/lib/thumb/v8-m.main+fp/hard/libcr_c.a(_fdopen.o)
 .debug_info    0x0001a8fc      0x1e3 /Applications/MCUXpressoIDE_11.10.0_3148/ide/plugins/com.nxp.mcuxpresso.tools.macosx_11.10.0.202311280810/tools/bin/../lib/gcc/arm-none-eabi/13.2.1/../../../../arm-none-eabi/lib/thumb/v8-m.main+fp/hard/libcr_c.a(_fflush.o)
 .debug_info    0x0001aadf      0x289 /Applications/MCUXpressoIDE_11.10.0_3148/ide/plugins/com.nxp.mcuxpresso.tools.macosx_11.10.0.202311280810/tools/bin/../lib/gcc/arm-none-eabi/13.2.1/../../../../arm-none-eabi/lib/thumb/v8-m.main+fp/hard/libcr_c.a(_writebuf.o)
 .debug_info    0x0001ad68      0x318 /Applications/MCUXpressoIDE_11.10.0_3148/ide/plugins/com.nxp.mcuxpresso.tools.macosx_11.10.0.202311280810/tools/bin/../lib/gcc/arm-none-eabi/13.2.1/../../../../arm-none-eabi/lib/thumb/v8-m.main+fp/hard/libcr_c.a(fclose.o)
 .debug_info    0x0001b080      0x209 /Applications/MCUXpressoIDE_11.10.0_3148/ide/plugins/com.nxp.mcuxpresso.tools.macosx_11.10.0.202311280810/tools/bin/../lib/gcc/arm-none-eabi/13.2.1/../../../../arm-none-eabi/lib/thumb/v8-m.main+fp/hard/libcr_c.a(fflush.o)
 .debug_info    0x0001b289      0x276 /Applications/MCUXpressoIDE_11.10.0_3148/ide/plugins/com.nxp.mcuxpresso.tools.macosx_11.10.0.202311280810/tools/bin/../lib/gcc/arm-none-eabi/13.2.1/../../../../arm-none-eabi/lib/thumb/v8-m.main+fp/hard/libcr_c.a(fseek.o)
 .debug_info    0x0001b4ff      0x197 /Applications/MCUXpressoIDE_11.10.0_3148/ide/plugins/com.nxp.mcuxpresso.tools.macosx_11.10.0.202311280810/tools/bin/../lib/gcc/arm-none-eabi/13.2.1/../../../../arm-none-eabi/lib/thumb/v8-m.main+fp/hard/libcr_c.a(ftell.o)
 .debug_info    0x0001b696      0x1d7 /Applications/MCUXpressoIDE_11.10.0_3148/ide/plugins/com.nxp.mcuxpresso.tools.macosx_11.10.0.202311280810/tools/bin/../lib/gcc/arm-none-eabi/13.2.1/../../../../arm-none-eabi/lib/thumb/v8-m.main+fp/hard/libcr_c.a(remove.o)
 .debug_info    0x0001b86d      0x23a /Applications/MCUXpressoIDE_11.10.0_3148/ide/plugins/com.nxp.mcuxpresso.tools.macosx_11.10.0.202311280810/tools/bin/../lib/gcc/arm-none-eabi/13.2.1/../../../../arm-none-eabi/lib/thumb/v8-m.main+fp/hard/libcr_c.a(_do_fflush.o)
 .debug_info    0x0001baa7     0x1b31 /Applications/MCUXpressoIDE_11.10.0_3148/ide/plugins/com.nxp.mcuxpresso.tools.macosx_11.10.0.202311280810/tools/bin/../lib/gcc/arm-none-eabi/13.2.1/thumb/v8-m.main+fp/hard/libcr_eabihelpers.a(float.o)
 .debug_info    0x0001d5d8      0x18b /Applications/MCUXpressoIDE_11.10.0_3148/ide/plugins/com.nxp.mcuxpresso.tools.macosx_11.10.0.202311280810/tools/bin/../lib/gcc/arm-none-eabi/13.2.1/../../../../arm-none-eabi/lib/thumb/v8-m.main+fp/hard/libcr_nohost_nf.a(__ciob.o)
 .debug_info    0x0001d763       0x6a /Applications/MCUXpressoIDE_11.10.0_3148/ide/plugins/com.nxp.mcuxpresso.tools.macosx_11.10.0.202311280810/tools/bin/../lib/gcc/arm-none-eabi/13.2.1/../../../../arm-none-eabi/lib/thumb/v8-m.main+fp/hard/libcr_nohost_nf.a(__sys_close.o)
 .debug_info    0x0001d7cd       0x6a /Applications/MCUXpressoIDE_11.10.0_3148/ide/plugins/com.nxp.mcuxpresso.tools.macosx_11.10.0.202311280810/tools/bin/../lib/gcc/arm-none-eabi/13.2.1/../../../../arm-none-eabi/lib/thumb/v8-m.main+fp/hard/libcr_nohost_nf.a(__sys_flen.o)
 .debug_info    0x0001d837       0x6a /Applications/MCUXpressoIDE_11.10.0_3148/ide/plugins/com.nxp.mcuxpresso.tools.macosx_11.10.0.202311280810/tools/bin/../lib/gcc/arm-none-eabi/13.2.1/../../../../arm-none-eabi/lib/thumb/v8-m.main+fp/hard/libcr_nohost_nf.a(__sys_istty.o)
 .debug_info    0x0001d8a1       0x8a /Applications/MCUXpressoIDE_11.10.0_3148/ide/plugins/com.nxp.mcuxpresso.tools.macosx_11.10.0.202311280810/tools/bin/../lib/gcc/arm-none-eabi/13.2.1/../../../../arm-none-eabi/lib/thumb/v8-m.main+fp/hard/libcr_nohost_nf.a(__sys_remove.o)
 .debug_info    0x0001d92b       0x78 /Applications/MCUXpressoIDE_11.10.0_3148/ide/plugins/com.nxp.mcuxpresso.tools.macosx_11.10.0.202311280810/tools/bin/../lib/gcc/arm-none-eabi/13.2.1/../../../../arm-none-eabi/lib/thumb/v8-m.main+fp/hard/libcr_nohost_nf.a(__sys_seek.o)
 .debug_info    0x0001d9a3       0x93 /Applications/MCUXpressoIDE_11.10.0_3148/ide/plugins/com.nxp.mcuxpresso.tools.macosx_11.10.0.202311280810/tools/bin/../lib/gcc/arm-none-eabi/13.2.1/../../../../arm-none-eabi/lib/thumb/v8-m.main+fp/hard/libcr_nohost_nf.a(__sys_tmpnam.o)
 .debug_info    0x0001da36       0x93 /Applications/MCUXpressoIDE_11.10.0_3148/ide/plugins/com.nxp.mcuxpresso.tools.macosx_11.10.0.202311280810/tools/bin/../lib/gcc/arm-none-eabi/13.2.1/../../../../arm-none-eabi/lib/thumb/v8-m.main+fp/hard/libcr_nohost_nf.a(__sys_write.o)

.debug_abbrev   0x00000000     0x3c86
 .debug_abbrev  0x00000000       0xbd ./utilities/fsl_assert.o
 .debug_abbrev  0x000000bd      0x256 ./utilities/fsl_debug_console.o
 .debug_abbrev  0x00000313       0x14 ./utilities/fsl_memcpy.o
 .debug_abbrev  0x00000327      0x147 ./startup/startup_mcxn947_cm33_core0.o
 .debug_abbrev  0x0000046e      0x2b8 ./source/gpio_led_output.o
 .debug_abbrev  0x00000726       0x31 ./source/semihost_hardfault.o
 .debug_abbrev  0x00000757      0x386 ./drivers/fsl_clock.o
 .debug_abbrev  0x00000add      0x201 ./drivers/fsl_gpio.o
 .debug_abbrev  0x00000cde      0x381 ./drivers/fsl_lpflexcomm.o
 .debug_abbrev  0x0000105f      0x434 ./drivers/fsl_lpuart.o
 .debug_abbrev  0x00001493      0x16c ./drivers/fsl_reset.o
 .debug_abbrev  0x000015ff      0x2fa ./drivers/fsl_spc.o
 .debug_abbrev  0x000018f9      0x1a3 ./device/system_MCXN947_cm33_core0.o
 .debug_abbrev  0x00001a9c      0x238 ./component/uart/fsl_adapter_lpuart.o
 .debug_abbrev  0x00001cd4      0x1f5 ./board/board.o
 .debug_abbrev  0x00001ec9      0x261 ./board/clock_config.o
 .debug_abbrev  0x0000212a      0x27c ./board/pin_mux.o
 .debug_abbrev  0x000023a6       0x70 /Applications/MCUXpressoIDE_11.10.0_3148/ide/plugins/com.nxp.mcuxpresso.tools.macosx_11.10.0.202311280810/tools/bin/../lib/gcc/arm-none-eabi/13.2.1/../../../../arm-none-eabi/lib/thumb/v8-m.main+fp/hard/libcr_nohost_nf.a(_cr__main.o)
 .debug_abbrev  0x00002416       0xa8 /Applications/MCUXpressoIDE_11.10.0_3148/ide/plugins/com.nxp.mcuxpresso.tools.macosx_11.10.0.202311280810/tools/bin/../lib/gcc/arm-none-eabi/13.2.1/../../../../arm-none-eabi/lib/thumb/v8-m.main+fp/hard/libcr_c.a(memset.o)
 .debug_abbrev  0x000024be      0x284 /Applications/MCUXpressoIDE_11.10.0_3148/ide/plugins/com.nxp.mcuxpresso.tools.macosx_11.10.0.202311280810/tools/bin/../lib/gcc/arm-none-eabi/13.2.1/../../../../arm-none-eabi/lib/thumb/v8-m.main+fp/hard/libcr_c.a(alloc.o)
 .debug_abbrev  0x00002742       0x44 /Applications/MCUXpressoIDE_11.10.0_3148/ide/plugins/com.nxp.mcuxpresso.tools.macosx_11.10.0.202311280810/tools/bin/../lib/gcc/arm-none-eabi/13.2.1/../../../../arm-none-eabi/lib/thumb/v8-m.main+fp/hard/libcr_c.a(errno.o)
 .debug_abbrev  0x00002786      0x169 /Applications/MCUXpressoIDE_11.10.0_3148/ide/plugins/com.nxp.mcuxpresso.tools.macosx_11.10.0.202311280810/tools/bin/../lib/gcc/arm-none-eabi/13.2.1/../../../../arm-none-eabi/lib/thumb/v8-m.main+fp/hard/libcr_c.a(initio.o)
 .debug_abbrev  0x000028ef       0xe1 /Applications/MCUXpressoIDE_11.10.0_3148/ide/plugins/com.nxp.mcuxpresso.tools.macosx_11.10.0.202311280810/tools/bin/../lib/gcc/arm-none-eabi/13.2.1/../../../../arm-none-eabi/lib/thumb/v8-m.main+fp/hard/libcr_c.a(setvbuf.o)
 .debug_abbrev  0x000029d0       0xa7 /Applications/MCUXpressoIDE_11.10.0_3148/ide/plugins/com.nxp.mcuxpresso.tools.macosx_11.10.0.202311280810/tools/bin/../lib/gcc/arm-none-eabi/13.2.1/../../../../arm-none-eabi/lib/thumb/v8-m.main+fp/hard/libcr_c.a(strlen.o)
 .debug_abbrev  0x00002a77      0x152 /Applications/MCUXpressoIDE_11.10.0_3148/ide/plugins/com.nxp.mcuxpresso.tools.macosx_11.10.0.202311280810/tools/bin/../lib/gcc/arm-none-eabi/13.2.1/../../../../arm-none-eabi/lib/thumb/v8-m.main+fp/hard/libcr_c.a(_deferredlazyseek.o)
 .debug_abbrev  0x00002bc9      0x119 /Applications/MCUXpressoIDE_11.10.0_3148/ide/plugins/com.nxp.mcuxpresso.tools.macosx_11.10.0.202311280810/tools/bin/../lib/gcc/arm-none-eabi/13.2.1/../../../../arm-none-eabi/lib/thumb/v8-m.main+fp/hard/libcr_c.a(_fdopen.o)
 .debug_abbrev  0x00002ce2       0xf1 /Applications/MCUXpressoIDE_11.10.0_3148/ide/plugins/com.nxp.mcuxpresso.tools.macosx_11.10.0.202311280810/tools/bin/../lib/gcc/arm-none-eabi/13.2.1/../../../../arm-none-eabi/lib/thumb/v8-m.main+fp/hard/libcr_c.a(_fflush.o)
 .debug_abbrev  0x00002dd3      0x126 /Applications/MCUXpressoIDE_11.10.0_3148/ide/plugins/com.nxp.mcuxpresso.tools.macosx_11.10.0.202311280810/tools/bin/../lib/gcc/arm-none-eabi/13.2.1/../../../../arm-none-eabi/lib/thumb/v8-m.main+fp/hard/libcr_c.a(_writebuf.o)
 .debug_abbrev  0x00002ef9      0x155 /Applications/MCUXpressoIDE_11.10.0_3148/ide/plugins/com.nxp.mcuxpresso.tools.macosx_11.10.0.202311280810/tools/bin/../lib/gcc/arm-none-eabi/13.2.1/../../../../arm-none-eabi/lib/thumb/v8-m.main+fp/hard/libcr_c.a(fclose.o)
 .debug_abbrev  0x0000304e      0x125 /Applications/MCUXpressoIDE_11.10.0_3148/ide/plugins/com.nxp.mcuxpresso.tools.macosx_11.10.0.202311280810/tools/bin/../lib/gcc/arm-none-eabi/13.2.1/../../../../arm-none-eabi/lib/thumb/v8-m.main+fp/hard/libcr_c.a(fflush.o)
 .debug_abbrev  0x00003173      0x11b /Applications/MCUXpressoIDE_11.10.0_3148/ide/plugins/com.nxp.mcuxpresso.tools.macosx_11.10.0.202311280810/tools/bin/../lib/gcc/arm-none-eabi/13.2.1/../../../../arm-none-eabi/lib/thumb/v8-m.main+fp/hard/libcr_c.a(fseek.o)
 .debug_abbrev  0x0000328e       0xc2 /Applications/MCUXpressoIDE_11.10.0_3148/ide/plugins/com.nxp.mcuxpresso.tools.macosx_11.10.0.202311280810/tools/bin/../lib/gcc/arm-none-eabi/13.2.1/../../../../arm-none-eabi/lib/thumb/v8-m.main+fp/hard/libcr_c.a(ftell.o)
 .debug_abbrev  0x00003350       0xfb /Applications/MCUXpressoIDE_11.10.0_3148/ide/plugins/com.nxp.mcuxpresso.tools.macosx_11.10.0.202311280810/tools/bin/../lib/gcc/arm-none-eabi/13.2.1/../../../../arm-none-eabi/lib/thumb/v8-m.main+fp/hard/libcr_c.a(remove.o)
 .debug_abbrev  0x0000344b      0x12c /Applications/MCUXpressoIDE_11.10.0_3148/ide/plugins/com.nxp.mcuxpresso.tools.macosx_11.10.0.202311280810/tools/bin/../lib/gcc/arm-none-eabi/13.2.1/../../../../arm-none-eabi/lib/thumb/v8-m.main+fp/hard/libcr_c.a(_do_fflush.o)
 .debug_abbrev  0x00003577      0x370 /Applications/MCUXpressoIDE_11.10.0_3148/ide/plugins/com.nxp.mcuxpresso.tools.macosx_11.10.0.202311280810/tools/bin/../lib/gcc/arm-none-eabi/13.2.1/thumb/v8-m.main+fp/hard/libcr_eabihelpers.a(float.o)
 .debug_abbrev  0x000038e7       0xb5 /Applications/MCUXpressoIDE_11.10.0_3148/ide/plugins/com.nxp.mcuxpresso.tools.macosx_11.10.0.202311280810/tools/bin/../lib/gcc/arm-none-eabi/13.2.1/../../../../arm-none-eabi/lib/thumb/v8-m.main+fp/hard/libcr_nohost_nf.a(__ciob.o)
 .debug_abbrev  0x0000399c       0x5c /Applications/MCUXpressoIDE_11.10.0_3148/ide/plugins/com.nxp.mcuxpresso.tools.macosx_11.10.0.202311280810/tools/bin/../lib/gcc/arm-none-eabi/13.2.1/../../../../arm-none-eabi/lib/thumb/v8-m.main+fp/hard/libcr_nohost_nf.a(__sys_close.o)
 .debug_abbrev  0x000039f8       0x5c /Applications/MCUXpressoIDE_11.10.0_3148/ide/plugins/com.nxp.mcuxpresso.tools.macosx_11.10.0.202311280810/tools/bin/../lib/gcc/arm-none-eabi/13.2.1/../../../../arm-none-eabi/lib/thumb/v8-m.main+fp/hard/libcr_nohost_nf.a(__sys_flen.o)
 .debug_abbrev  0x00003a54       0x5c /Applications/MCUXpressoIDE_11.10.0_3148/ide/plugins/com.nxp.mcuxpresso.tools.macosx_11.10.0.202311280810/tools/bin/../lib/gcc/arm-none-eabi/13.2.1/../../../../arm-none-eabi/lib/thumb/v8-m.main+fp/hard/libcr_nohost_nf.a(__sys_istty.o)
 .debug_abbrev  0x00003ab0       0x7d /Applications/MCUXpressoIDE_11.10.0_3148/ide/plugins/com.nxp.mcuxpresso.tools.macosx_11.10.0.202311280810/tools/bin/../lib/gcc/arm-none-eabi/13.2.1/../../../../arm-none-eabi/lib/thumb/v8-m.main+fp/hard/libcr_nohost_nf.a(__sys_remove.o)
 .debug_abbrev  0x00003b2d       0x6d /Applications/MCUXpressoIDE_11.10.0_3148/ide/plugins/com.nxp.mcuxpresso.tools.macosx_11.10.0.202311280810/tools/bin/../lib/gcc/arm-none-eabi/13.2.1/../../../../arm-none-eabi/lib/thumb/v8-m.main+fp/hard/libcr_nohost_nf.a(__sys_seek.o)
 .debug_abbrev  0x00003b9a       0x76 /Applications/MCUXpressoIDE_11.10.0_3148/ide/plugins/com.nxp.mcuxpresso.tools.macosx_11.10.0.202311280810/tools/bin/../lib/gcc/arm-none-eabi/13.2.1/../../../../arm-none-eabi/lib/thumb/v8-m.main+fp/hard/libcr_nohost_nf.a(__sys_tmpnam.o)
 .debug_abbrev  0x00003c10       0x76 /Applications/MCUXpressoIDE_11.10.0_3148/ide/plugins/com.nxp.mcuxpresso.tools.macosx_11.10.0.202311280810/tools/bin/../lib/gcc/arm-none-eabi/13.2.1/../../../../arm-none-eabi/lib/thumb/v8-m.main+fp/hard/libcr_nohost_nf.a(__sys_write.o)

.debug_aranges  0x00000000     0x13a0
 .debug_aranges
                0x00000000       0x28 ./utilities/fsl_assert.o
 .debug_aranges
                0x00000028       0x78 ./utilities/fsl_debug_console.o
 .debug_aranges
                0x000000a0       0x20 ./utilities/fsl_memcpy.o
 .debug_aranges
                0x000000c0      0x568 ./startup/startup_mcxn947_cm33_core0.o
 .debug_aranges
                0x00000628       0x38 ./source/gpio_led_output.o
 .debug_aranges
                0x00000660       0x20 ./source/semihost_hardfault.o
 .debug_aranges
                0x00000680      0x338 ./drivers/fsl_clock.o
 .debug_aranges
                0x000009b8       0x60 ./drivers/fsl_gpio.o
 .debug_aranges
                0x00000a18       0xc0 ./drivers/fsl_lpflexcomm.o